------------------------------------------------------------
TimeQuest Timing Analyzer Summary
------------------------------------------------------------

Type  : Setup 'Generate_Arbitrary_Divided_Clk32:Generate_LCD_scope_Clk|var_clk_div32:Div_Clk|tc_reg'
Slack : 2.991
TNS   : 0.000

Type  : Setup 'CLOCK_50'
Slack : 3.662
TNS   : 0.000

Type  : Setup 'altera_reserved_tck'
Slack : 10.502
TNS   : 0.000

Type  : Setup 'CLK_25'
Slack : 11.721
TNS   : 0.000

Type  : Setup 'async_trap_and_reset:sync_slow_clk|sync_srl16_inferred[1]'
Slack : 12.678
TNS   : 0.000

Type  : Setup 'audio_controller:audio_control|audio_clock:u4|LRCK_1X'
Slack : 13.733
TNS   : 0.000

Type  : Setup 'key2ascii:kbd2ascii|ascii_code[1]'
Slack : 14.468
TNS   : 0.000

Type  : Setup 'Write_Kbd_To_Scope_LCD:Write_Kbd_To_LCD1|state[9]'
Slack : 14.550
TNS   : 0.000

Type  : Setup 'key2ascii:kbd2ascii|ascii_code[0]'
Slack : 15.005
TNS   : 0.000

Type  : Setup 'audio_controller:audio_control|TFF_power_of_2_division_counter_with_auto_phase_inversion:generate_aud_ctrl_clk|widereg:div_regs_gen[1].div_reg|outdata[0]'
Slack : 15.567
TNS   : 0.000

Type  : Setup 'Write_Kbd_To_Scope_LCD:Write_Kbd_To_LCD1|state[4]'
Slack : 15.807
TNS   : 0.000

Type  : Setup 'doublesync:ps2c_doublsync|reg2'
Slack : 16.316
TNS   : 0.000

Type  : Setup 'Generate_Arbitrary_Divided_Clk32:Gen_1KHz_clk|var_clk_div32:Div_Clk|tc_reg'
Slack : 16.458
TNS   : 0.000

Type  : Setup 'audio_controller:audio_control|TFF_power_of_2_division_counter_with_auto_phase_inversion:generate_aud_ctrl_clk|widereg:div_reg_top|outdata[0]'
Slack : 16.914
TNS   : 0.000

Type  : Setup 'audio_controller:audio_control|I2C_AV_Config:u3|mI2C_CTRL_CLK'
Slack : 34.802
TNS   : 0.000

Type  : Setup 'Write_Kbd_To_Scope_LCD:Write_Kbd_To_LCD1|state[6]'
Slack : 36.548
TNS   : 0.000

Type  : Setup 'audio_controller:audio_control|audio_clock:u4|oAUD_BCK'
Slack : 37.107
TNS   : 0.000

Type  : Hold 'Generate_Arbitrary_Divided_Clk32:Generate_LCD_scope_Clk|var_clk_div32:Div_Clk|tc_reg'
Slack : -0.081
TNS   : -0.085

Type  : Hold 'CLOCK_50'
Slack : 0.105
TNS   : 0.000

Type  : Hold 'CLK_25'
Slack : 0.202
TNS   : 0.000

Type  : Hold 'audio_controller:audio_control|I2C_AV_Config:u3|mI2C_CTRL_CLK'
Slack : 0.274
TNS   : 0.000

Type  : Hold 'altera_reserved_tck'
Slack : 0.293
TNS   : 0.000

Type  : Hold 'async_trap_and_reset:sync_slow_clk|sync_srl16_inferred[1]'
Slack : 0.318
TNS   : 0.000

Type  : Hold 'Write_Kbd_To_Scope_LCD:Write_Kbd_To_LCD1|state[4]'
Slack : 0.407
TNS   : 0.000

Type  : Hold 'audio_controller:audio_control|TFF_power_of_2_division_counter_with_auto_phase_inversion:generate_aud_ctrl_clk|widereg:div_regs_gen[1].div_reg|outdata[0]'
Slack : 0.408
TNS   : 0.000

Type  : Hold 'doublesync:ps2c_doublsync|reg2'
Slack : 0.425
TNS   : 0.000

Type  : Hold 'audio_controller:audio_control|audio_clock:u4|oAUD_BCK'
Slack : 0.530
TNS   : 0.000

Type  : Hold 'Write_Kbd_To_Scope_LCD:Write_Kbd_To_LCD1|state[6]'
Slack : 0.651
TNS   : 0.000

Type  : Hold 'Generate_Arbitrary_Divided_Clk32:Gen_1KHz_clk|var_clk_div32:Div_Clk|tc_reg'
Slack : 0.671
TNS   : 0.000

Type  : Hold 'key2ascii:kbd2ascii|ascii_code[1]'
Slack : 0.852
TNS   : 0.000

Type  : Hold 'audio_controller:audio_control|TFF_power_of_2_division_counter_with_auto_phase_inversion:generate_aud_ctrl_clk|widereg:div_reg_top|outdata[0]'
Slack : 1.001
TNS   : 0.000

Type  : Hold 'key2ascii:kbd2ascii|ascii_code[0]'
Slack : 1.208
TNS   : 0.000

Type  : Hold 'audio_controller:audio_control|audio_clock:u4|LRCK_1X'
Slack : 2.131
TNS   : 0.000

Type  : Hold 'Write_Kbd_To_Scope_LCD:Write_Kbd_To_LCD1|state[9]'
Slack : 21.053
TNS   : 0.000

Type  : Recovery 'speed_down_event_trigger'
Slack : 3.488
TNS   : 0.000

Type  : Recovery 'Generate_Arbitrary_Divided_Clk32:generate_audio_clk|var_clk_div32:Div_Clk|tc_reg'
Slack : 4.044
TNS   : 0.000

Type  : Recovery 'Kbd_ctrl:Kbd_Controller|data_ready'
Slack : 4.588
TNS   : 0.000

Type  : Recovery 'speed_up_event_trigger'
Slack : 4.986
TNS   : 0.000

Type  : Recovery 'CLOCK_50'
Slack : 5.069
TNS   : 0.000

Type  : Recovery 'doublesync:ps2c_doublsync|reg2'
Slack : 6.012
TNS   : 0.000

Type  : Recovery 'Write_Kbd_To_Scope_LCD:Write_Kbd_To_LCD1|state[5]'
Slack : 14.290
TNS   : 0.000

Type  : Recovery 'audio_controller:audio_control|audio_clock:u4|oAUD_BCK'
Slack : 14.304
TNS   : 0.000

Type  : Recovery 'doublesync:key2_doublsync|reg2'
Slack : 14.458
TNS   : 0.000

Type  : Recovery 'altera_reserved_tck'
Slack : 15.074
TNS   : 0.000

Type  : Recovery 'audio_controller:audio_control|TFF_power_of_2_division_counter_with_auto_phase_inversion:generate_aud_ctrl_clk|widereg:div_regs_gen[1].div_reg|outdata[0]'
Slack : 15.271
TNS   : 0.000

Type  : Recovery 'Write_Kbd_To_Scope_LCD:Write_Kbd_To_LCD1|state[6]'
Slack : 15.389
TNS   : 0.000

Type  : Recovery 'async_trap_and_reset:sync_slow_clk|sync_srl16_inferred[1]'
Slack : 16.295
TNS   : 0.000

Type  : Recovery 'CLK_25'
Slack : 38.281
TNS   : 0.000

Type  : Removal 'CLOCK_50'
Slack : 0.548
TNS   : 0.000

Type  : Removal 'CLK_25'
Slack : 0.579
TNS   : 0.000

Type  : Removal 'altera_reserved_tck'
Slack : 0.771
TNS   : 0.000

Type  : Removal 'async_trap_and_reset:sync_slow_clk|sync_srl16_inferred[1]'
Slack : 0.928
TNS   : 0.000

Type  : Removal 'Write_Kbd_To_Scope_LCD:Write_Kbd_To_LCD1|state[6]'
Slack : 2.411
TNS   : 0.000

Type  : Removal 'audio_controller:audio_control|TFF_power_of_2_division_counter_with_auto_phase_inversion:generate_aud_ctrl_clk|widereg:div_regs_gen[1].div_reg|outdata[0]'
Slack : 2.721
TNS   : 0.000

Type  : Removal 'doublesync:ps2c_doublsync|reg2'
Slack : 2.951
TNS   : 0.000

Type  : Removal 'doublesync:key2_doublsync|reg2'
Slack : 3.684
TNS   : 0.000

Type  : Removal 'Write_Kbd_To_Scope_LCD:Write_Kbd_To_LCD1|state[5]'
Slack : 3.713
TNS   : 0.000

Type  : Removal 'audio_controller:audio_control|audio_clock:u4|oAUD_BCK'
Slack : 3.751
TNS   : 0.000

Type  : Removal 'speed_up_event_trigger'
Slack : 13.165
TNS   : 0.000

Type  : Removal 'Kbd_ctrl:Kbd_Controller|data_ready'
Slack : 13.469
TNS   : 0.000

Type  : Removal 'Generate_Arbitrary_Divided_Clk32:generate_audio_clk|var_clk_div32:Div_Clk|tc_reg'
Slack : 13.910
TNS   : 0.000

Type  : Removal 'speed_down_event_trigger'
Slack : 14.342
TNS   : 0.000

Type  : Minimum Pulse Width 'CLOCK_50'
Slack : 8.531
TNS   : 0.000

Type  : Minimum Pulse Width 'altera_reserved_tck'
Slack : 15.038
TNS   : 0.000

Type  : Minimum Pulse Width 'Generate_Arbitrary_Divided_Clk32:Generate_LCD_scope_Clk|var_clk_div32:Div_Clk|tc_reg'
Slack : 18.776
TNS   : 0.000

Type  : Minimum Pulse Width 'CLK_25'
Slack : 19.041
TNS   : 0.000

Type  : Minimum Pulse Width 'Write_Kbd_To_Scope_LCD:Write_Kbd_To_LCD1|state[4]'
Slack : 19.102
TNS   : 0.000

Type  : Minimum Pulse Width 'Generate_Arbitrary_Divided_Clk32:Gen_1KHz_clk|var_clk_div32:Div_Clk|tc_reg'
Slack : 19.169
TNS   : 0.000

Type  : Minimum Pulse Width 'doublesync:ps2c_doublsync|reg2'
Slack : 19.182
TNS   : 0.000

Type  : Minimum Pulse Width 'audio_controller:audio_control|TFF_power_of_2_division_counter_with_auto_phase_inversion:generate_aud_ctrl_clk|widereg:div_regs_gen[1].div_reg|outdata[0]'
Slack : 19.199
TNS   : 0.000

Type  : Minimum Pulse Width 'audio_controller:audio_control|I2C_AV_Config:u3|mI2C_CTRL_CLK'
Slack : 19.236
TNS   : 0.000

Type  : Minimum Pulse Width 'audio_controller:audio_control|audio_clock:u4|LRCK_1X'
Slack : 19.238
TNS   : 0.000

Type  : Minimum Pulse Width 'async_trap_and_reset:sync_slow_clk|sync_srl16_inferred[1]'
Slack : 19.299
TNS   : 0.000

Type  : Minimum Pulse Width 'audio_controller:audio_control|TFF_power_of_2_division_counter_with_auto_phase_inversion:generate_aud_ctrl_clk|widereg:div_reg_top|outdata[0]'
Slack : 19.301
TNS   : 0.000

Type  : Minimum Pulse Width 'speed_up_event_trigger'
Slack : 19.317
TNS   : 0.000

Type  : Minimum Pulse Width 'Write_Kbd_To_Scope_LCD:Write_Kbd_To_LCD1|state[6]'
Slack : 19.372
TNS   : 0.000

Type  : Minimum Pulse Width 'speed_down_event_trigger'
Slack : 19.383
TNS   : 0.000

Type  : Minimum Pulse Width 'Write_Kbd_To_Scope_LCD:Write_Kbd_To_LCD1|state[5]'
Slack : 19.391
TNS   : 0.000

Type  : Minimum Pulse Width 'audio_controller:audio_control|audio_clock:u4|oAUD_BCK'
Slack : 19.393
TNS   : 0.000

Type  : Minimum Pulse Width 'Generate_Arbitrary_Divided_Clk32:generate_audio_clk|var_clk_div32:Div_Clk|tc_reg'
Slack : 19.404
TNS   : 0.000

Type  : Minimum Pulse Width 'doublesync:key2_doublsync|reg2'
Slack : 19.407
TNS   : 0.000

Type  : Minimum Pulse Width 'Kbd_ctrl:Kbd_Controller|data_ready'
Slack : 19.432
TNS   : 0.000

Type  : Minimum Pulse Width 'Write_Kbd_To_Scope_LCD:Write_Kbd_To_LCD1|state[9]'
Slack : 19.432
TNS   : 0.000

Type  : Minimum Pulse Width 'key2ascii:kbd2ascii|ascii_code[1]'
Slack : 19.697
TNS   : 0.000

Type  : Minimum Pulse Width 'key2ascii:kbd2ascii|ascii_code[0]'
Slack : 19.806
TNS   : 0.000

------------------------------------------------------------
