Archive member included to satisfy reference by file (symbol)

c:/altera/14.1/nios2eds/bin/gnu/h-x86_64-mingw32/bin/../lib/gcc/nios2-elf/4.8.3\libgcc.a(lib2-divmod.o)
                              obj/default/drivers/drivers.o (__divsi3)
c:/altera/14.1/nios2eds/bin/gnu/h-x86_64-mingw32/bin/../lib/gcc/nios2-elf/4.8.3\libgcc.a(fixsfsi.o)
                              obj/default/drivers/drivers.o (__fixsfsi)
c:/altera/14.1/nios2eds/bin/gnu/h-x86_64-mingw32/bin/../lib/gcc/nios2-elf/4.8.3/../../../../../H-x86_64-mingw32/nios2-elf/lib\libc.a(lib_a-malloc.o)
                              obj/default/graphic_lib/draw_gimps.o (malloc)
c:/altera/14.1/nios2eds/bin/gnu/h-x86_64-mingw32/bin/../lib/gcc/nios2-elf/4.8.3/../../../../../H-x86_64-mingw32/nios2-elf/lib\libc.a(lib_a-mallocr.o)
                              c:/altera/14.1/nios2eds/bin/gnu/h-x86_64-mingw32/bin/../lib/gcc/nios2-elf/4.8.3/../../../../../H-x86_64-mingw32/nios2-elf/lib\libc.a(lib_a-malloc.o) (_malloc_r)
c:/altera/14.1/nios2eds/bin/gnu/h-x86_64-mingw32/bin/../lib/gcc/nios2-elf/4.8.3/../../../../../H-x86_64-mingw32/nios2-elf/lib\libc.a(lib_a-memcpy.o)
                              obj/default/graphic_lib/draw_gimps.o (memcpy)
c:/altera/14.1/nios2eds/bin/gnu/h-x86_64-mingw32/bin/../lib/gcc/nios2-elf/4.8.3/../../../../../H-x86_64-mingw32/nios2-elf/lib\libc.a(lib_a-memset.o)
                              obj/default/vip_fr.o (memset)
c:/altera/14.1/nios2eds/bin/gnu/h-x86_64-mingw32/bin/../lib/gcc/nios2-elf/4.8.3/../../../../../H-x86_64-mingw32/nios2-elf/lib\libc.a(lib_a-printf.o)
                              obj/default/graphic_lib/draw_gimps.o (printf)
c:/altera/14.1/nios2eds/bin/gnu/h-x86_64-mingw32/bin/../lib/gcc/nios2-elf/4.8.3/../../../../../H-x86_64-mingw32/nios2-elf/lib\libc.a(lib_a-sbrkr.o)
                              c:/altera/14.1/nios2eds/bin/gnu/h-x86_64-mingw32/bin/../lib/gcc/nios2-elf/4.8.3/../../../../../H-x86_64-mingw32/nios2-elf/lib\libc.a(lib_a-mallocr.o) (_sbrk_r)
c:/altera/14.1/nios2eds/bin/gnu/h-x86_64-mingw32/bin/../lib/gcc/nios2-elf/4.8.3/../../../../../H-x86_64-mingw32/nios2-elf/lib\libc.a(lib_a-strcpy.o)
                              obj/default/graphic_lib/simple_graphics.o (strcpy)
c:/altera/14.1/nios2eds/bin/gnu/h-x86_64-mingw32/bin/../lib/gcc/nios2-elf/4.8.3/../../../../../H-x86_64-mingw32/nios2-elf/lib\libc.a(lib_a-strlen.o)
                              obj/default/graphic_lib/simple_graphics.o (strlen)
c:/altera/14.1/nios2eds/bin/gnu/h-x86_64-mingw32/bin/../lib/gcc/nios2-elf/4.8.3/../../../../../H-x86_64-mingw32/nios2-elf/lib\libc.a(lib_a-vfprintf.o)
                              c:/altera/14.1/nios2eds/bin/gnu/h-x86_64-mingw32/bin/../lib/gcc/nios2-elf/4.8.3/../../../../../H-x86_64-mingw32/nios2-elf/lib\libc.a(lib_a-printf.o) (___vfprintf_internal_r)
c:/altera/14.1/nios2eds/bin/gnu/h-x86_64-mingw32/bin/../lib/gcc/nios2-elf/4.8.3/../../../../../H-x86_64-mingw32/nios2-elf/lib\libc.a(lib_a-wsetup.o)
                              c:/altera/14.1/nios2eds/bin/gnu/h-x86_64-mingw32/bin/../lib/gcc/nios2-elf/4.8.3/../../../../../H-x86_64-mingw32/nios2-elf/lib\libc.a(lib_a-vfprintf.o) (__swsetup_r)
c:/altera/14.1/nios2eds/bin/gnu/h-x86_64-mingw32/bin/../lib/gcc/nios2-elf/4.8.3/../../../../../H-x86_64-mingw32/nios2-elf/lib\libc.a(lib_a-dtoa.o)
                              c:/altera/14.1/nios2eds/bin/gnu/h-x86_64-mingw32/bin/../lib/gcc/nios2-elf/4.8.3/../../../../../H-x86_64-mingw32/nios2-elf/lib\libc.a(lib_a-vfprintf.o) (_dtoa_r)
c:/altera/14.1/nios2eds/bin/gnu/h-x86_64-mingw32/bin/../lib/gcc/nios2-elf/4.8.3/../../../../../H-x86_64-mingw32/nios2-elf/lib\libc.a(lib_a-fflush.o)
                              c:/altera/14.1/nios2eds/bin/gnu/h-x86_64-mingw32/bin/../lib/gcc/nios2-elf/4.8.3/../../../../../H-x86_64-mingw32/nios2-elf/lib\libc.a(lib_a-vfprintf.o) (_fflush_r)
c:/altera/14.1/nios2eds/bin/gnu/h-x86_64-mingw32/bin/../lib/gcc/nios2-elf/4.8.3/../../../../../H-x86_64-mingw32/nios2-elf/lib\libc.a(lib_a-findfp.o)
                              c:/altera/14.1/nios2eds/bin/gnu/h-x86_64-mingw32/bin/../lib/gcc/nios2-elf/4.8.3/../../../../../H-x86_64-mingw32/nios2-elf/lib\libc.a(lib_a-vfprintf.o) (__sinit)
c:/altera/14.1/nios2eds/bin/gnu/h-x86_64-mingw32/bin/../lib/gcc/nios2-elf/4.8.3/../../../../../H-x86_64-mingw32/nios2-elf/lib\libc.a(lib_a-freer.o)
                              c:/altera/14.1/nios2eds/bin/gnu/h-x86_64-mingw32/bin/../lib/gcc/nios2-elf/4.8.3/../../../../../H-x86_64-mingw32/nios2-elf/lib\libc.a(lib_a-malloc.o) (_free_r)
c:/altera/14.1/nios2eds/bin/gnu/h-x86_64-mingw32/bin/../lib/gcc/nios2-elf/4.8.3/../../../../../H-x86_64-mingw32/nios2-elf/lib\libc.a(lib_a-fwalk.o)
                              c:/altera/14.1/nios2eds/bin/gnu/h-x86_64-mingw32/bin/../lib/gcc/nios2-elf/4.8.3/../../../../../H-x86_64-mingw32/nios2-elf/lib\libc.a(lib_a-findfp.o) (_fwalk)
c:/altera/14.1/nios2eds/bin/gnu/h-x86_64-mingw32/bin/../lib/gcc/nios2-elf/4.8.3/../../../../../H-x86_64-mingw32/nios2-elf/lib\libc.a(lib_a-impure.o)
[...]
Memory Configuration

Name             Origin             Length             Attributes
reset            0x0000000004000000 0x0000000000000020
sdram_BEFORE_EXCEPTION 0x0000000004000020 0x000000000057e400
sdram            0x000000000457e420 0x0000000003a81be0
*default*        0x0000000000000000 0xffffffffffffffff

Linker script and memory map

LOAD ../lab5_bsp//obj/HAL/src/crt0.o
LOAD obj/default/drivers/drivers.o
LOAD obj/default/fonts/tahomabold_20.o
LOAD obj/default/fonts/tahomabold_32.o
LOAD obj/default/frame.o
LOAD obj/default/graphic_lib/draw_gimps.o
LOAD obj/default/graphic_lib/gimp_bmp.o
LOAD obj/default/graphic_lib/simple_graphics.o
LOAD obj/default/graphic_lib/simple_text.o
LOAD obj/default/hello_ucosii.o
LOAD obj/default/imagenes/back_down.o
LOAD obj/default/imagenes/back_up.o
LOAD obj/default/imagenes/ford_down.o
LOAD obj/default/imagenes/ford_up.o
LOAD obj/default/imagenes/pause_down.o
LOAD obj/default/imagenes/pause_up.o
LOAD obj/default/imagenes/play_down.o
LOAD obj/default/imagenes/play_up.o
LOAD obj/default/imagenes/stop_down.o
LOAD obj/default/imagenes/stop_up.o
LOAD obj/default/song/song.o
LOAD obj/default/student_code/student_code.o
LOAD obj/default/vip_fr.o
LOAD c:/altera/14.1/nios2eds/bin/gnu/h-x86_64-mingw32/bin/../lib/gcc/nios2-elf/4.8.3/../../../../../H-x86_64-mingw32/nios2-elf/lib\libstdc++.a
LOAD c:/altera/14.1/nios2eds/bin/gnu/h-x86_64-mingw32/bin/../lib/gcc/nios2-elf/4.8.3/../../../../../H-x86_64-mingw32/nios2-elf/lib\libm.a
LOAD c:/altera/14.1/nios2eds/bin/gnu/h-x86_64-mingw32/bin/../lib/gcc/nios2-elf/4.8.3\libgcc.a
START GROUP
LOAD c:/altera/14.1/nios2eds/bin/gnu/h-x86_64-mingw32/bin/../lib/gcc/nios2-elf/4.8.3/../../../../../H-x86_64-mingw32/nios2-elf/lib\libc.a
LOAD c:/altera/14.1/nios2eds/bin/gnu/h-x86_64-mingw32/bin/../lib/gcc/nios2-elf/4.8.3\libgcc.a
LOAD ../lab5_bsp/\libucosii_bsp.a
LOAD c:/altera/14.1/nios2eds/bin/gnu/h-x86_64-mingw32/bin/../lib/gcc/nios2-elf/4.8.3/../../../../../H-x86_64-mingw32/nios2-elf/lib\libm.a
END GROUP
LOAD c:/altera/14.1/nios2eds/bin/gnu/h-x86_64-mingw32/bin/../lib/gcc/nios2-elf/4.8.3\libgcc.a
                0x0000000004000000                __alt_mem_sdram = 0x4000000

.entry          0x0000000004000000       0x20
 *(.entry)
 .entry         0x0000000004000000       0x20 ../lab5_bsp//obj/HAL/src/crt0.o
                0x0000000004000000                __reset

.exceptions     0x000000000457e420      0x15c
                0x000000000457e420                PROVIDE (__ram_exceptions_start, ABSOLUTE (.))
                0x000000000457e420                . = ALIGN (0x20)
 *(.irq)
 *(.exceptions.entry.label)
 .exceptions.entry.label
                0x000000000457e420        0x0 ../lab5_bsp/\libucosii_bsp.a(alt_irq_entry.o)
                0x000000000457e420                alt_irq_entry
 .exceptions.entry.label
                0x000000000457e420        0x0 ../lab5_bsp/\libucosii_bsp.a(alt_exception_entry.o)
                0x000000000457e420                alt_exception
 *(.exceptions.entry.user)
 *(.exceptions.entry.ecc_fatal)
 *(.exceptions.entry)
 .exceptions.entry
                0x000000000457e420       0x54 ../lab5_bsp/\libucosii_bsp.a(alt_exception_entry.o)
 *(.exceptions.irqtest.user)
 *(.exceptions.irqtest)
 .exceptions.irqtest
                0x000000000457e474       0x10 ../lab5_bsp/\libucosii_bsp.a(alt_irq_entry.o)
 *(.exceptions.irqhandler.user)
 *(.exceptions.irqhandler)
 .exceptions.irqhandler
                0x000000000457e484        0x4 ../lab5_bsp/\libucosii_bsp.a(alt_irq_entry.o)
 *(.exceptions.irqreturn.user)
 *(.exceptions.irqreturn)
 .exceptions.irqreturn
                0x000000000457e488        0x4 ../lab5_bsp/\libucosii_bsp.a(alt_irq_entry.o)
 *(.exceptions.notirq.label)
 .exceptions.notirq.label
                0x000000000457e48c        0x0 ../lab5_bsp/\libucosii_bsp.a(alt_irq_entry.o)
 *(.exceptions.notirq.user)
 *(.exceptions.notirq)
 .exceptions.notirq
                0x000000000457e48c        0x8 ../lab5_bsp/\libucosii_bsp.a(alt_exception_entry.o)
 *(.exceptions.soft.user)
 *(.exceptions.soft)
 *(.exceptions.unknown.user)
 *(.exceptions.unknown)
 .exceptions.unknown
                0x000000000457e494        0x4 ../lab5_bsp/\libucosii_bsp.a(alt_exception_entry.o)
 *(.exceptions.exit.label)
 .exceptions.exit.label
                0x000000000457e498        0x0 ../lab5_bsp/\libucosii_bsp.a(alt_irq_entry.o)
 .exceptions.exit.label
                0x000000000457e498        0x0 ../lab5_bsp/\libucosii_bsp.a(alt_exception_entry.o)
 *(.exceptions.exit.user)
 *(.exceptions.exit)
 .exceptions.exit
                0x000000000457e498       0x54 ../lab5_bsp/\libucosii_bsp.a(alt_exception_entry.o)
 *(.exceptions)
 .exceptions    0x000000000457e4ec       0x90 ../lab5_bsp/\libucosii_bsp.a(alt_irq_handler.o)
                0x000000000457e4ec                alt_irq_handler
                0x000000000457e57c                PROVIDE (__ram_exceptions_end, ABSOLUTE (.))
                0x000000000457e420                PROVIDE (__flash_exceptions_start, LOADADDR (.exceptions))

.text           0x000000000457e57c    0x197fc
                0x000000000457e57c                PROVIDE (stext, ABSOLUTE (.))
 *(.interp)
 *(.hash)
 *(.dynsym)
 *(.dynstr)
 *(.gnu.version)
 *(.gnu.version_d)
 *(.gnu.version_r)
 *(.rel.init)
 *(.rela.init)
 *(.rel.text .rel.text.* .rel.gnu.linkonce.t.*)
 *(.rela.text .rela.text.* .rela.gnu.linkonce.t.*)
 *(.rel.fini)
 *(.rela.fini)
 *(.rel.rodata .rel.rodata.* .rel.gnu.linkonce.r.*)
 *(.rela.rodata .rela.rodata.* .rela.gnu.linkonce.r.*)
 *(.rel.data .rel.data.* .rel.gnu.linkonce.d.*)
 *(.rela.data .rela.data.* .rela.gnu.linkonce.d.*)
 *(.rel.tdata .rel.tdata.* .rel.gnu.linkonce.td.*)
 *(.rela.tdata .rela.tdata.* .rela.gnu.linkonce.td.*)
 *(.rel.tbss .rel.tbss.* .rel.gnu.linkonce.tb.*)
 *(.rela.tbss .rela.tbss.* .rela.gnu.linkonce.tb.*)
 *(.rel.ctors)
 *(.rela.ctors)
 *(.rel.dtors)
 *(.rela.dtors)
 *(.rel.got)
 *(.rela.got)
 *(.rel.sdata .rel.sdata.* .rel.gnu.linkonce.s.*)
 *(.rela.sdata .rela.sdata.* .rela.gnu.linkonce.s.*)
 *(.rel.sbss .rel.sbss.* .rel.gnu.linkonce.sb.*)
 *(.rela.sbss .rela.sbss.* .rela.gnu.linkonce.sb.*)
 *(.rel.sdata2 .rel.sdata2.* .rel.gnu.linkonce.s2.*)
 *(.rela.sdata2 .rela.sdata2.* .rela.gnu.linkonce.s2.*)
 *(.rel.sbss2 .rel.sbss2.* .rel.gnu.linkonce.sb2.*)
 *(.rela.sbss2 .rela.sbss2.* .rela.gnu.linkonce.sb2.*)
 *(.rel.bss .rel.bss.* .rel.gnu.linkonce.b.*)
 *(.rela.bss .rela.bss.* .rela.gnu.linkonce.b.*)
 *(.rel.plt)
 *(.rela.plt)
 *(.rel.dyn)
 *(.init)
 *(.plt)
 *(.text .stub .text.* .gnu.linkonce.t.*)
 .text          0x000000000457e57c       0x4c ../lab5_bsp//obj/HAL/src/crt0.o
                0x000000000457e57c                _start
 .text          0x000000000457e5c8     0x182c obj/default/drivers/drivers.o
                0x000000000457e5c8                audio_dac_wr_fifo
                0x000000000457e63c                stop_wav
                0x000000000457e660                play_wav
                0x000000000457e67c                pause_wav
                0x000000000457e694                audio_dac_fifo_full
                0x000000000457e6a8                init_audio_hw
                0x000000000457e6e4                set_audio_frequency_audio_controller
                0x000000000457e71c                set_note
                0x000000000457e754                select_modulation
                0x000000000457e768                select_signal
                0x000000000457e77c                audio_selector
                0x000000000457e790                read_keyboard
                0x000000000457e7a0                mouse_pos
                0x000000000457e854                Sleep
                0x000000000457e8a0                Beep
                0x000000000457e8dc                starwars
                0x000000000457ea3c                gloria
                0x000000000457ef20                mario
                0x000000000457f7c0                tetris
 .text          0x000000000457fdf4        0x0 obj/default/fonts/tahomabold_20.o
 .text          0x000000000457fdf4        0x0 obj/default/fonts/tahomabold_32.o
 .text          0x000000000457fdf4      0x120 obj/default/frame.o
                0x000000000457fdf4                ConfigVFR
                0x000000000457feb4                GetFrameBuffer
                0x000000000457fed0                cleanscreen
 .text          0x000000000457ff14      0x55c obj/default/graphic_lib/draw_gimps.o
                0x000000000457ff14                AsVidCopyImageToBuffer
                0x000000000457ffec                AsVidCopyImageToBuffer2
                0x00000000045800e8                AsVidCopyImageToBuffer3
                0x0000000004580208                DispIMAGE
                0x00000000045802b8                DispIMAGE_fit
                0x00000000045803a4                DispIMAGE_from_gimp
 .text          0x0000000004580470      0x508 obj/default/graphic_lib/gimp_bmp.o
                0x0000000004580470                copy_pix_map_32_to_32
                0x00000000045804e0                copy_pix_map_32_to_24
                0x0000000004580560                copy_pix_map_32_to_16
                0x00000000045805e8                copy_pix_map_24_to_32
                0x0000000004580670                copy_pix_map_24_to_24
                0x00000000045806f0                copy_pix_map_24_to_16
                0x0000000004580798                load_gimp_bmp
 .text          0x0000000004580978     0x1ff0 obj/default/graphic_lib/simple_graphics.o
                0x0000000004580978                vid_scroll_string_quit
                0x00000000045809a8                vid_scroll_string_init
                0x0000000004580a94                vid_set_pixel
                0x0000000004580b88                vid_print_char
                0x0000000004580c70                vid_print_string
                0x0000000004580d48                vid_get_pixel
                0x0000000004580da4                vid_move_block
                0x0000000004580ea8                vid_paint_block
                0x0000000004581028                vid_clean_screen
                0x0000000004581058                vid_draw_horiz_line
                0x000000000458128c                vid_merge_colors
                0x00000000045812a8                vid_color_convert24_16
                0x00000000045812dc                vid_color_convert16_24
                0x0000000004581304                vid_copy_line_to_frame_buffer
                0x00000000045814bc                vid_draw_sloped_line
                0x0000000004581648                vid_draw_line
                0x00000000045816c4                vid_draw_box
                0x000000000458183c                vid_scroll_string
                0x0000000004581a6c                vid_round_corner_points
                0x0000000004581ee8                vid_draw_circle
                0x0000000004582000                vid_draw_round_corner_box
                0x00000000045822f0                max3
                0x0000000004582308                min3
                0x0000000004582320                max_diff3
                0x000000000458234c                vid_put_pixel_in_span_map
                0x0000000004582390                vid_bres_scan_edges
                0x00000000045824d8                vid_draw_triangle
                0x00000000045827ac                CopyImage16
                0x000000000458286c                CropImage16
 .text          0x0000000004582968      0xb48 obj/default/graphic_lib/simple_text.o
                0x0000000004582968                seperate_color_channels
                0x00000000045829f8                merge_color_channels
                0x0000000004582a70                read_from_frame
                0x0000000004582bc4                alpha_blending
                0x0000000004582e70                vid_print_char_alpha
                0x0000000004583298                vid_print_string_alpha
                0x0000000004583434                vid_string_pixel_length_alpha
 .text          0x00000000045834b0     0x15b4 obj/default/hello_ucosii.o
                0x00000000045834b0                draw_button
                0x000000000458362c                task2
                0x0000000004584464                init_background
                0x0000000004584860                send_audio_fifo
                0x00000000045848dc                task1
                0x0000000004584980                main
 .text          0x0000000004584a64        0x0 obj/default/imagenes/back_down.o
 .text          0x0000000004584a64        0x0 obj/default/imagenes/back_up.o
 .text          0x0000000004584a64        0x0 obj/default/imagenes/ford_down.o
 .text          0x0000000004584a64        0x0 obj/default/imagenes/ford_up.o
 .text          0x0000000004584a64        0x0 obj/default/imagenes/pause_down.o
 .text          0x0000000004584a64        0x0 obj/default/imagenes/pause_up.o
 .text          0x0000000004584a64        0x0 obj/default/imagenes/play_down.o
 .text          0x0000000004584a64        0x0 obj/default/imagenes/play_up.o
 .text          0x0000000004584a64        0x0 obj/default/imagenes/stop_down.o
 .text          0x0000000004584a64        0x0 obj/default/imagenes/stop_up.o
 .text          0x0000000004584a64        0x0 obj/default/song/song.o
 .text          0x0000000004584a64      0x60c obj/default/student_code/student_code.o
                0x0000000004584a64                handle_lfsr_interrupts
                0x0000000004584ac0                handle_CC_interrupts
                0x0000000004584fe0                init_lfsr_interrupt
                0x0000000004585028                init_color_change_interrupt
 .text          0x0000000004585070      0x2bc obj/default/vip_fr.o
                0x0000000004585070                VIPFR_UnInit
                0x000000000458508c                VIPFR_Go
                0x000000000458509c                VIPFR_GetDrawFrame
                0x00000000045850b4                VIPFR_ActiveDrawFrame
                0x00000000045850fc                DRAW_EraseScreen
                0x000000000458514c                FrameReader_SetFrame0
                0x0000000004585174                FrameReader_SetFrame1
                0x000000000458519c                VIPFR_SetFrameSize
                0x0000000004585224                VIPFR_Init
                0x00000000045852c8                FrameReader_SelectFrame
                0x00000000045852d4                FrameReader_Go
                0x00000000045852e0                VIPFR_ReserveBackground
 .text          0x000000000458532c      0x114 c:/altera/14.1/nios2eds/bin/gnu/h-x86_64-mingw32/bin/../lib/gcc/nios2-elf/4.8.3\libgcc.a(lib2-divmod.o)
                0x000000000458539c                __divsi3
                0x00000000045853e4                __modsi3
                0x0000000004585430                __udivsi3
                0x0000000004585438                __umodsi3
 .text          0x0000000004585440       0x70 c:/altera/14.1/nios2eds/bin/gnu/h-x86_64-mingw32/bin/../lib/gcc/nios2-elf/4.8.3\libgcc.a(fixsfsi.o)
                0x0000000004585440                __fixsfsi
 .text          0x00000000045854b0       0x28 c:/altera/14.1/nios2eds/bin/gnu/h-x86_64-mingw32/bin/../lib/gcc/nios2-elf/4.8.3/../../../../../H-x86_64-mingw32/nios2-elf/lib\libc.a(lib_a-malloc.o)
                0x00000000045854b0                malloc
                0x00000000045854c4                free
 .text          0x00000000045854d8      0x7c4 c:/altera/14.1/nios2eds/bin/gnu/h-x86_64-mingw32/bin/../lib/gcc/nios2-elf/4.8.3/../../../../../H-x86_64-mingw32/nios2-elf/lib\libc.a(lib_a-mallocr.o)
                0x00000000045854d8                _malloc_r
 .text          0x0000000004585c9c      0x10c c:/altera/14.1/nios2eds/bin/gnu/h-x86_64-mingw32/bin/../lib/gcc/nios2-elf/4.8.3/../../../../../H-x86_64-mingw32/nios2-elf/lib\libc.a(lib_a-memcpy.o)
                0x0000000004585c9c                memcpy
 .text          0x0000000004585da8      0x114 c:/altera/14.1/nios2eds/bin/gnu/h-x86_64-mingw32/bin/../lib/gcc/nios2-elf/4.8.3/../../../../../H-x86_64-mingw32/nios2-elf/lib\libc.a(lib_a-memset.o)
                0x0000000004585da8                memset
 .text          0x0000000004585ebc       0x68 c:/altera/14.1/nios2eds/bin/gnu/h-x86_64-mingw32/bin/../lib/gcc/nios2-elf/4.8.3/../../../../../H-x86_64-mingw32/nios2-elf/lib\libc.a(lib_a-printf.o)
                0x0000000004585ebc                _printf_r
                0x0000000004585ee8                printf
 .text          0x0000000004585f24       0x64 c:/altera/14.1/nios2eds/bin/gnu/h-x86_64-mingw32/bin/../lib/gcc/nios2-elf/4.8.3/../../../../../H-x86_64-mingw32/nios2-elf/lib\libc.a(lib_a-sbrkr.o)
                0x0000000004585f24                _sbrk_r
 .text          0x0000000004585f88       0x88 c:/altera/14.1/nios2eds/bin/gnu/h-x86_64-mingw32/bin/../lib/gcc/nios2-elf/4.8.3/../../../../../H-x86_64-mingw32/nios2-elf/lib\libc.a(lib_a-strcpy.o)
                0x0000000004585f88                strcpy
 .text          0x0000000004586010       0x8c c:/altera/14.1/nios2eds/bin/gnu/h-x86_64-mingw32/bin/../lib/gcc/nios2-elf/4.8.3/../../../../../H-x86_64-mingw32/nios2-elf/lib\libc.a(lib_a-strlen.o)
                0x0000000004586010                strlen
 .text          0x000000000458609c     0x2000 c:/altera/14.1/nios2eds/bin/gnu/h-x86_64-mingw32/bin/../lib/gcc/nios2-elf/4.8.3/../../../../../H-x86_64-mingw32/nios2-elf/lib\libc.a(lib_a-vfprintf.o)
                0x000000000458609c                ___vfprintf_internal_r
                0x0000000004588078                __vfprintf_internal
 .text          0x000000000458809c      0x138 c:/altera/14.1/nios2eds/bin/gnu/h-x86_64-mingw32/bin/../lib/gcc/nios2-elf/4.8.3/../../../../../H-x86_64-mingw32/nios2-elf/lib\libc.a(lib_a-wsetup.o)
                0x000000000458809c                __swsetup_r
 .text          0x00000000045881d4     0x1840 c:/altera/14.1/nios2eds/bin/gnu/h-x86_64-mingw32/bin/../lib/gcc/nios2-elf/4.8.3/../../../../../H-x86_64-mingw32/nios2-elf/lib\libc.a(lib_a-dtoa.o)
                0x00000000045883d8                _dtoa_r
 .text          0x0000000004589a14      0x274 c:/altera/14.1/nios2eds/bin/gnu/h-x86_64-mingw32/bin/../lib/gcc/nios2-elf/4.8.3/../../../../../H-x86_64-mingw32/nios2-elf/lib\libc.a(lib_a-fflush.o)
                0x0000000004589a14                _fflush_r
                0x0000000004589c58                fflush
 .text          0x0000000004589c88      0x390 c:/altera/14.1/nios2eds/bin/gnu/h-x86_64-mingw32/bin/../lib/gcc/nios2-elf/4.8.3/../../../../../H-x86_64-mingw32/nios2-elf/lib\libc.a(lib_a-findfp.o)
                0x0000000004589c98                _cleanup_r
                0x0000000004589ca4                __sfmoreglue
                0x0000000004589d08                _cleanup
                0x0000000004589d20                __sinit
                0x0000000004589ebc                __sfp
                0x0000000004589fd8                __sfp_lock_acquire
                0x0000000004589fdc                __sfp_lock_release
                0x0000000004589fe0                __sinit_lock_acquire
                0x0000000004589fe4                __sinit_lock_release
                0x0000000004589fe8                __fp_lock_all
                0x000000000458a000                __fp_unlock_all
 .text          0x000000000458a018      0x40c c:/altera/14.1/nios2eds/bin/gnu/h-x86_64-mingw32/bin/../lib/gcc/nios2-elf/4.8.3/../../../../../H-x86_64-mingw32/nios2-elf/lib\libc.a(lib_a-freer.o)
                0x000000000458a018                _malloc_trim_r
                0x000000000458a154                _free_r
 .text          0x000000000458a424      0x160 c:/altera/14.1/nios2eds/bin/gnu/h-x86_64-mingw32/bin/../lib/gcc/nios2-elf/4.8.3/../../../../../H-x86_64-mingw32/nios2-elf/lib\libc.a(lib_a-fwalk.o)
                0x000000000458a424                _fwalk
                0x000000000458a4cc                _fwalk_reent
 .text          0x000000000458a584        0x0 c:/altera/14.1/nios2eds/bin/gnu/h-x86_64-mingw32/bin/../lib/gcc/nios2-elf/4.8.3/../../../../../H-x86_64-mingw32/nios2-elf/lib\libc.a(lib_a-impure.o)
 .text          0x000000000458a584        0x0 c:/altera/14.1/nios2eds/bin/gnu/h-x86_64-mingw32/bin/../lib/gcc/nios2-elf/4.8.3/../../../../../H-x86_64-mingw32/nios2-elf/lib\libc.a(lib_a-int_errno.o)
 .text          0x000000000458a584       0xd4 c:/altera/14.1/nios2eds/bin/gnu/h-x86_64-mingw32/bin/../lib/gcc/nios2-elf/4.8.3/../../../../../H-x86_64-mingw32/nios2-elf/lib\libc.a(lib_a-locale.o)
                0x000000000458a584                _setlocale_r
                0x000000000458a5f4                __locale_charset
                0x000000000458a600                __locale_mb_cur_max
                0x000000000458a610                __locale_msgcharset
                0x000000000458a61c                __locale_cjk_lang
                0x000000000458a624                _localeconv_r
                0x000000000458a630                setlocale
                0x000000000458a64c                localeconv
 .text          0x000000000458a658      0x1b4 c:/altera/14.1/nios2eds/bin/gnu/h-x86_64-mingw32/bin/../lib/gcc/nios2-elf/4.8.3/../../../../../H-x86_64-mingw32/nios2-elf/lib\libc.a(lib_a-makebuf.o)
                0x000000000458a658                __smakebuf_r
 .text          0x000000000458a80c       0xe8 c:/altera/14.1/nios2eds/bin/gnu/h-x86_64-mingw32/bin/../lib/gcc/nios2-elf/4.8.3/../../../../../H-x86_64-mingw32/nios2-elf/lib\libc.a(lib_a-memchr.o)
                0x000000000458a80c                memchr
 .text          0x000000000458a8f4      0xf78 c:/altera/14.1/nios2eds/bin/gnu/h-x86_64-mingw32/bin/../lib/gcc/nios2-elf/4.8.3/../../../../../H-x86_64-mingw32/nios2-elf/lib\libc.a(lib_a-mprec.o)
                0x000000000458a8f4                _Balloc
                0x000000000458a99c                _Bfree
                0x000000000458a9c4                __multadd
                0x000000000458aad8                __s2b
                0x000000000458abdc                __hi0bits
                0x000000000458ac44                __lo0bits
                0x000000000458acf4                __i2b
                0x000000000458ad30                __multiply
                0x000000000458af1c                __pow5mult
                0x000000000458b064                __lshift
                0x000000000458b1b4                __mcmp
                0x000000000458b214                __mdiff
                0x000000000458b3c4                __ulp
                0x000000000458b424                __b2d
                0x000000000458b514                __d2b
                0x000000000458b658                __ratio
                0x000000000458b6f8                _mprec_log10
                0x000000000458b76c                __copybits
                0x000000000458b7e4                __any_on
 .text          0x000000000458b86c       0x68 c:/altera/14.1/nios2eds/bin/gnu/h-x86_64-mingw32/bin/../lib/gcc/nios2-elf/4.8.3/../../../../../H-x86_64-mingw32/nios2-elf/lib\libc.a(lib_a-s_fpclassify.o)
                0x000000000458b86c                __fpclassifyd
 .text          0x000000000458b8d4      0x13c c:/altera/14.1/nios2eds/bin/gnu/h-x86_64-mingw32/bin/../lib/gcc/nios2-elf/4.8.3/../../../../../H-x86_64-mingw32/nios2-elf/lib\libc.a(lib_a-stdio.o)
                0x000000000458b8d4                __sread
                0x000000000458b928                __seofread
                0x000000000458b930                __swrite
                0x000000000458b9ac                __sseek
                0x000000000458ba08                __sclose
 .text          0x000000000458ba10       0xa4 c:/altera/14.1/nios2eds/bin/gnu/h-x86_64-mingw32/bin/../lib/gcc/nios2-elf/4.8.3/../../../../../H-x86_64-mingw32/nios2-elf/lib\libc.a(lib_a-strcmp.o)
                0x000000000458ba10                strcmp
 .text          0x000000000458bab4     0x13a8 c:/altera/14.1/nios2eds/bin/gnu/h-x86_64-mingw32/bin/../lib/gcc/nios2-elf/4.8.3/../../../../../H-x86_64-mingw32/nios2-elf/lib\libc.a(lib_a-vfiprintf.o)
                0x000000000458bbb0                __sprint_r
                0x000000000458bbc8                ___vfiprintf_internal_r
                0x000000000458ce38                __vfiprintf_internal
 .text          0x000000000458ce5c       0x6c c:/altera/14.1/nios2eds/bin/gnu/h-x86_64-mingw32/bin/../lib/gcc/nios2-elf/4.8.3/../../../../../H-x86_64-mingw32/nios2-elf/lib\libc.a(lib_a-writer.o)
                0x000000000458ce5c                _write_r
 .text          0x000000000458cec8       0x64 c:/altera/14.1/nios2eds/bin/gnu/h-x86_64-mingw32/bin/../lib/gcc/nios2-elf/4.8.3/../../../../../H-x86_64-mingw32/nios2-elf/lib\libc.a(closer.o)
                0x000000000458cec8                _close_r
 .text          0x000000000458cf2c       0xc4 c:/altera/14.1/nios2eds/bin/gnu/h-x86_64-mingw32/bin/../lib/gcc/nios2-elf/4.8.3/../../../../../H-x86_64-mingw32/nios2-elf/lib\libc.a(lib_a-callocr.o)
                0x000000000458cf2c                _calloc_r
 .text          0x000000000458cff0      0x13c c:/altera/14.1/nios2eds/bin/gnu/h-x86_64-mingw32/bin/../lib/gcc/nios2-elf/4.8.3/../../../../../H-x86_64-mingw32/nios2-elf/lib\libc.a(lib_a-fclose.o)
                0x000000000458cff0                _fclose_r
                0x000000000458d118                fclose
 .text          0x000000000458d12c      0x1fc c:/altera/14.1/nios2eds/bin/gnu/h-x86_64-mingw32/bin/../lib/gcc/nios2-elf/4.8.3/../../../../../H-x86_64-mingw32/nios2-elf/lib\libc.a(lib_a-fputwc.o)
                0x000000000458d12c                _fputwc_r
                0x000000000458d2b0                fputwc
 .text          0x000000000458d328       0x68 c:/altera/14.1/nios2eds/bin/gnu/h-x86_64-mingw32/bin/../lib/gcc/nios2-elf/4.8.3/../../../../../H-x86_64-mingw32/nios2-elf/lib\libc.a(lib_a-fstatr.o)
                0x000000000458d328                _fstat_r
 .text          0x000000000458d390      0x4ac c:/altera/14.1/nios2eds/bin/gnu/h-x86_64-mingw32/bin/../lib/gcc/nios2-elf/4.8.3/../../../../../H-x86_64-mingw32/nios2-elf/lib\libc.a(lib_a-fvwrite.o)
                0x000000000458d390                __sfvwrite_r
 .text          0x000000000458d83c       0x64 c:/altera/14.1/nios2eds/bin/gnu/h-x86_64-mingw32/bin/../lib/gcc/nios2-elf/4.8.3/../../../../../H-x86_64-mingw32/nios2-elf/lib\libc.a(lib_a-isattyr.o)
                0x000000000458d83c                _isatty_r
 .text          0x000000000458d8a0       0x6c c:/altera/14.1/nios2eds/bin/gnu/h-x86_64-mingw32/bin/../lib/gcc/nios2-elf/4.8.3/../../../../../H-x86_64-mingw32/nios2-elf/lib\libc.a(lib_a-lseekr.o)
                0x000000000458d8a0                _lseek_r
 .text          0x000000000458d90c      0x13c c:/altera/14.1/nios2eds/bin/gnu/h-x86_64-mingw32/bin/../lib/gcc/nios2-elf/4.8.3/../../../../../H-x86_64-mingw32/nios2-elf/lib\libc.a(lib_a-memmove.o)
                0x000000000458d90c                memmove
 .text          0x000000000458da48       0x6c c:/altera/14.1/nios2eds/bin/gnu/h-x86_64-mingw32/bin/../lib/gcc/nios2-elf/4.8.3/../../../../../H-x86_64-mingw32/nios2-elf/lib\libc.a(lib_a-readr.o)
                0x000000000458da48                _read_r
 .text          0x000000000458dab4      0x564 c:/altera/14.1/nios2eds/bin/gnu/h-x86_64-mingw32/bin/../lib/gcc/nios2-elf/4.8.3/../../../../../H-x86_64-mingw32/nios2-elf/lib\libc.a(lib_a-reallocr.o)
                0x000000000458dab4                _realloc_r
 .text          0x000000000458e018      0x19c c:/altera/14.1/nios2eds/bin/gnu/h-x86_64-mingw32/bin/../lib/gcc/nios2-elf/4.8.3/../../../../../H-x86_64-mingw32/nios2-elf/lib\libc.a(lib_a-wbuf.o)
                0x000000000458e018                __swbuf_r
                0x000000000458e198                __swbuf
 .text          0x000000000458e1b4      0x174 c:/altera/14.1/nios2eds/bin/gnu/h-x86_64-mingw32/bin/../lib/gcc/nios2-elf/4.8.3/../../../../../H-x86_64-mingw32/nios2-elf/lib\libc.a(lib_a-wcrtomb.o)
                0x000000000458e1b4                _wcrtomb_r
                0x000000000458e250                wcrtomb
 .text          0x000000000458e328       0x8c c:/altera/14.1/nios2eds/bin/gnu/h-x86_64-mingw32/bin/../lib/gcc/nios2-elf/4.8.3/../../../../../H-x86_64-mingw32/nios2-elf/lib\libc.a(lib_a-wctomb_r.o)
                0x000000000458e328                __ascii_wctomb
                0x000000000458e358                _wctomb_r
 .text          0x000000000458e3b4      0x5c4 c:/altera/14.1/nios2eds/bin/gnu/h-x86_64-mingw32/bin/../lib/gcc/nios2-elf/4.8.3\libgcc.a(_udivdi3.o)
                0x000000000458e3b4                __udivdi3
 .text          0x000000000458e978      0x598 c:/altera/14.1/nios2eds/bin/gnu/h-x86_64-mingw32/bin/../lib/gcc/nios2-elf/4.8.3\libgcc.a(_umoddi3.o)
                0x000000000458e978                __umoddi3
 .text          0x000000000458ef10      0x87c c:/altera/14.1/nios2eds/bin/gnu/h-x86_64-mingw32/bin/../lib/gcc/nios2-elf/4.8.3\libgcc.a(adddf3.o)
                0x000000000458ef10                __adddf3
 .text          0x000000000458f78c      0x8d4 c:/altera/14.1/nios2eds/bin/gnu/h-x86_64-mingw32/bin/../lib/gcc/nios2-elf/4.8.3\libgcc.a(divdf3.o)
                0x000000000458f78c                __divdf3
 .text          0x0000000004590060       0x84 c:/altera/14.1/nios2eds/bin/gnu/h-x86_64-mingw32/bin/../lib/gcc/nios2-elf/4.8.3\libgcc.a(eqdf2.o)
                0x0000000004590060                __nedf2
                0x0000000004590060                __eqdf2
 .text          0x00000000045900e4       0xd8 c:/altera/14.1/nios2eds/bin/gnu/h-x86_64-mingw32/bin/../lib/gcc/nios2-elf/4.8.3\libgcc.a(gedf2.o)
                0x00000000045900e4                __gedf2
                0x00000000045900e4                __gtdf2
 .text          0x00000000045901bc       0xec c:/altera/14.1/nios2eds/bin/gnu/h-x86_64-mingw32/bin/../lib/gcc/nios2-elf/4.8.3\libgcc.a(ledf2.o)
                0x00000000045901bc                __ledf2
                0x00000000045901bc                __ltdf2
 .text          0x00000000045902a8      0x6ec c:/altera/14.1/nios2eds/bin/gnu/h-x86_64-mingw32/bin/../lib/gcc/nios2-elf/4.8.3\libgcc.a(muldf3.o)
                0x00000000045902a8                __muldf3
 .text          0x0000000004590994      0x888 c:/altera/14.1/nios2eds/bin/gnu/h-x86_64-mingw32/bin/../lib/gcc/nios2-elf/4.8.3\libgcc.a(subdf3.o)
                0x0000000004590994                __subdf3
 .text          0x000000000459121c       0x80 c:/altera/14.1/nios2eds/bin/gnu/h-x86_64-mingw32/bin/../lib/gcc/nios2-elf/4.8.3\libgcc.a(fixdfsi.o)
                0x000000000459121c                __fixdfsi
 .text          0x000000000459129c       0xd0 c:/altera/14.1/nios2eds/bin/gnu/h-x86_64-mingw32/bin/../lib/gcc/nios2-elf/4.8.3\libgcc.a(floatsidf.o)
                0x000000000459129c                __floatsidf
 .text          0x000000000459136c       0xa0 c:/altera/14.1/nios2eds/bin/gnu/h-x86_64-mingw32/bin/../lib/gcc/nios2-elf/4.8.3\libgcc.a(floatunsidf.o)
                0x000000000459136c                __floatunsidf
 .text          0x000000000459140c        0x0 c:/altera/14.1/nios2eds/bin/gnu/h-x86_64-mingw32/bin/../lib/gcc/nios2-elf/4.8.3\libgcc.a(_clz.o)
 .text          0x000000000459140c       0xac c:/altera/14.1/nios2eds/bin/gnu/h-x86_64-mingw32/bin/../lib/gcc/nios2-elf/4.8.3\libgcc.a(_clzsi2.o)
                0x000000000459140c                __clzsi2
 .text          0x00000000045914b8       0xcc ../lab5_bsp/\libucosii_bsp.a(alt_close.o)
                0x00000000045914b8                close
 .text          0x0000000004591584       0x18 ../lab5_bsp/\libucosii_bsp.a(alt_dcache_flush_all.o)
                0x0000000004591584                alt_dcache_flush_all
 .text          0x000000000459159c        0x8 ../lab5_bsp/\libucosii_bsp.a(alt_dev.o)
 .text          0x00000000045915a4        0x0 ../lab5_bsp/\libucosii_bsp.a(alt_errno.o)
 .text          0x00000000045915a4       0x78 ../lab5_bsp/\libucosii_bsp.a(alt_fstat.o)
                0x00000000045915a4                fstat
 .text          0x000000000459161c       0xb8 ../lab5_bsp/\libucosii_bsp.a(alt_iic.o)
                0x000000000459161c                alt_ic_isr_register
                0x000000000459163c                alt_ic_irq_enable
                0x000000000459167c                alt_ic_irq_disable
                0x00000000045916bc                alt_ic_irq_enabled
 .text          0x00000000045916d4       0x6c ../lab5_bsp/\libucosii_bsp.a(alt_iic_isr_register.o)
                0x00000000045916d4                alt_iic_isr_register
 .text          0x0000000004591740        0x0 ../lab5_bsp/\libucosii_bsp.a(alt_irq_entry.o)
 .text          0x0000000004591740        0x0 ../lab5_bsp/\libucosii_bsp.a(alt_irq_handler.o)
 .text          0x0000000004591740        0x0 ../lab5_bsp/\libucosii_bsp.a(alt_irq_vars.o)
 .text          0x0000000004591740       0x7c ../lab5_bsp/\libucosii_bsp.a(alt_isatty.o)
                0x0000000004591740                isatty
 .text          0x00000000045917bc      0x154 ../lab5_bsp/\libucosii_bsp.a(alt_load.o)
                0x00000000045917bc                alt_load
 .text          0x0000000004591910       0x8c ../lab5_bsp/\libucosii_bsp.a(alt_lseek.o)
                0x0000000004591910                lseek
 .text          0x000000000459199c       0xa8 ../lab5_bsp/\libucosii_bsp.a(alt_main.o)
                0x000000000459199c                alt_main
 .text          0x0000000004591a44       0xe4 ../lab5_bsp/\libucosii_bsp.a(alt_read.o)
                0x0000000004591a44                read
 .text          0x0000000004591b28       0x24 ../lab5_bsp/\libucosii_bsp.a(alt_release_fd.o)
                0x0000000004591b28                alt_release_fd
 .text          0x0000000004591b4c       0x4c ../lab5_bsp/\libucosii_bsp.a(alt_sbrk.o)
                0x0000000004591b4c                sbrk
 .text          0x0000000004591b98       0xfc ../lab5_bsp/\libucosii_bsp.a(alt_tick.o)
                0x0000000004591b98                alt_alarm_stop
                0x0000000004591bd0                alt_tick
 .text          0x0000000004591c94       0xe0 ../lab5_bsp/\libucosii_bsp.a(alt_write.o)
                0x0000000004591c94                write
 .text          0x0000000004591d74       0xb8 ../lab5_bsp/\libucosii_bsp.a(alt_env_lock.o)
                0x0000000004591d74                __env_lock
                0x0000000004591df4                __env_unlock
 .text          0x0000000004591e2c      0x120 ../lab5_bsp/\libucosii_bsp.a(alt_malloc_lock.o)
                0x0000000004591e2c                __malloc_lock
                0x0000000004591ed8                __malloc_unlock
 .text          0x0000000004591f4c     0x11e4 ../lab5_bsp/\libucosii_bsp.a(os_core.o)
                0x0000000004591f88                OS_TaskIdle
                0x0000000004591fbc                OSIntEnter
                0x0000000004591ff8                OSIntExit
                0x00000000045920a4                OSSchedLock
                0x00000000045920e8                OSStart
                0x0000000004592138                OSStatInit
                0x0000000004592198                OSTimeTick
                0x00000000045922b8                OSVersion
                0x00000000045922c0                OS_Dummy
                0x00000000045922c4                OS_EventTaskWait
                0x0000000004592334                OS_EventTaskWaitMulti
                0x00000000045923bc                OS_EventTaskRemove
                0x00000000045923f8                OS_EventTaskRemoveMulti
                0x000000000459244c                OS_EventTaskRdy
                0x000000000459253c                OS_EventWaitListInit
                0x0000000004592550                OS_MemClr
                0x000000000459257c                OSInit
                0x000000000459279c                OS_MemCopy
                0x00000000045927d0                OS_Sched
                0x000000000459285c                OSEventPendMulti
                0x0000000004592c00                OSSchedUnlock
                0x0000000004592c78                OS_StrCopy
                0x0000000004592cc0                OSEventNameGet
                0x0000000004592d7c                OS_StrLen
                0x0000000004592da4                OSEventNameSet
                0x0000000004592e80                OS_TaskStatStkChk
                0x0000000004592f14                OS_TaskStat
                0x0000000004592fac                OS_TCBInit
 .text          0x0000000004593130        0x4 ../lab5_bsp/\libucosii_bsp.a(os_dbg.o)
                0x0000000004593130                OSDebugInit
 .text          0x0000000004593134      0xde0 ../lab5_bsp/\libucosii_bsp.a(os_flag.o)
                0x00000000045931e0                OSFlagAccept
                0x0000000004593374                OSFlagCreate
                0x000000000459340c                OSFlagNameGet
                0x00000000045934d0                OSFlagNameSet
                0x00000000045935b4                OSFlagPendGetFlagsRdy
                0x00000000045935dc                OSFlagQuery
                0x0000000004593638                OS_FlagInit
                0x00000000045936cc                OS_FlagUnlink
                0x0000000004593794                OSFlagDel
                0x000000000459390c                OSFlagPost
                0x0000000004593b6c                OSFlagPend
 .text          0x0000000004593f14      0x448 ../lab5_bsp/\libucosii_bsp.a(os_mem.o)
                0x0000000004593f14                OSMemCreate
                0x000000000459402c                OSMemGet
                0x0000000004594098                OSMemNameGet
                0x000000000459413c                OSMemNameSet
                0x0000000004594204                OSMemPut
                0x0000000004594268                OSMemQuery
                0x00000000045942d4                OS_MemInit
 .text          0x000000000459435c      0xa78 ../lab5_bsp/\libucosii_bsp.a(os_q.o)
                0x000000000459435c                OSQAccept
                0x00000000045943fc                OSQCreate
                0x000000000459450c                OSQDel
                0x00000000045946c0                OSQFlush
                0x0000000004594710                OSQPend
                0x00000000045948c8                OSQPendAbort
                0x00000000045949dc                OSQPost
                0x0000000004594aa4                OSQPostFront
                0x0000000004594b6c                OSQPostOpt
                0x0000000004594cd4                OSQQuery
                0x0000000004594d74                OS_QInit
 .text          0x0000000004594dd4      0x66c ../lab5_bsp/\libucosii_bsp.a(os_sem.o)
                0x0000000004594dd4                OSSemAccept
                0x0000000004594e20                OSSemCreate
                0x0000000004594eb4                OSSemDel
                0x0000000004595038                OSSemPend
                0x00000000045951a0                OSSemPendAbort
                0x00000000045952b4                OSSemPost
                0x0000000004595358                OSSemQuery
                0x00000000045953d0                OSSemSet
 .text          0x0000000004595440      0xfac ../lab5_bsp/\libucosii_bsp.a(os_task.o)
                0x0000000004595440                OSTaskChangePrio
                0x00000000045956f8                OSTaskCreate
                0x000000000459581c                OSTaskDel
                0x0000000004595ab8                OSTaskDelReq
                0x0000000004595b88                OSTaskNameGet
                0x0000000004595ca4                OSTaskNameSet
                0x0000000004595ddc                OSTaskResume
                0x0000000004595f08                OSTaskStkChk
                0x0000000004596010                OSTaskSuspend
                0x0000000004596174                OSTaskQuery
                0x0000000004596240                OS_TaskStkClr
                0x0000000004596264                OSTaskCreateExt
 .text          0x00000000045963ec      0x320 ../lab5_bsp/\libucosii_bsp.a(os_time.o)
                0x00000000045963ec                OSTimeDly
                0x0000000004596488                OSTimeDlyHMSM
                0x00000000045965ac                OSTimeDlyResume
                0x00000000045966c4                OSTimeGet
                0x00000000045966e8                OSTimeSet
 .text          0x000000000459670c       0x7c ../lab5_bsp/\libucosii_bsp.a(alt_sys_init.o)
                0x000000000459670c                alt_irq_init
                0x000000000459672c                alt_sys_init
 .text          0x0000000004596788       0x98 ../lab5_bsp/\libucosii_bsp.a(altera_avalon_jtag_uart_fd.o)
                0x0000000004596788                altera_avalon_jtag_uart_read_fd
                0x00000000045967b0                altera_avalon_jtag_uart_write_fd
                0x00000000045967d8                altera_avalon_jtag_uart_close_fd
                0x0000000004596800                altera_avalon_jtag_uart_ioctl_fd
 .text          0x0000000004596820      0x344 ../lab5_bsp/\libucosii_bsp.a(altera_avalon_jtag_uart_init.o)
                0x0000000004596a60                altera_avalon_jtag_uart_init
                0x0000000004596b28                altera_avalon_jtag_uart_close
 .text          0x0000000004596b64       0x88 ../lab5_bsp/\libucosii_bsp.a(altera_avalon_jtag_uart_ioctl.o)
                0x0000000004596b64                altera_avalon_jtag_uart_ioctl
 .text          0x0000000004596bec      0x1bc ../lab5_bsp/\libucosii_bsp.a(altera_avalon_jtag_uart_read.o)
                0x0000000004596bec                altera_avalon_jtag_uart_read
 .text          0x0000000004596da8      0x1e4 ../lab5_bsp/\libucosii_bsp.a(altera_avalon_jtag_uart_write.o)
                0x0000000004596da8                altera_avalon_jtag_uart_write
 .text          0x0000000004596f8c       0x94 ../lab5_bsp/\libucosii_bsp.a(altera_avalon_timer_sc.o)
                0x0000000004596fc8                alt_avalon_timer_sc_init
 .text          0x0000000004597020       0x94 ../lab5_bsp/\libucosii_bsp.a(alt_alarm_start.o)
                0x0000000004597020                alt_alarm_start
 .text          0x00000000045970b4       0x80 ../lab5_bsp/\libucosii_bsp.a(alt_dev_llist_insert.o)
                0x00000000045970b4                alt_dev_llist_insert
 .text          0x0000000004597134       0x68 ../lab5_bsp/\libucosii_bsp.a(alt_do_ctors.o)
                0x0000000004597134                _do_ctors
 .text          0x000000000459719c       0x68 ../lab5_bsp/\libucosii_bsp.a(alt_do_dtors.o)
                0x000000000459719c                _do_dtors
 .text          0x0000000004597204        0x0 ../lab5_bsp/\libucosii_bsp.a(alt_exception_entry.o)
 .text          0x0000000004597204       0x20 ../lab5_bsp/\libucosii_bsp.a(alt_icache_flush_all.o)
                0x0000000004597204                alt_icache_flush_all
 .text          0x0000000004597224       0xfc ../lab5_bsp/\libucosii_bsp.a(alt_io_redirect.o)
                0x0000000004597288                alt_io_redirect
 .text          0x0000000004597320      0x180 ../lab5_bsp/\libucosii_bsp.a(alt_open.o)
                0x0000000004597320                open
 .text          0x00000000045974a0        0x8 ../lab5_bsp/\libucosii_bsp.a(altera_nios2_qsys_irq.o)
                0x00000000045974a0                altera_nios2_qsys_irq_init
 .text          0x00000000045974a8       0xd0 ../lab5_bsp/\libucosii_bsp.a(os_cpu_a.o)
                0x00000000045974a8                OSCtxSw
                0x00000000045974a8                OSIntCtxSw
                0x0000000004597534                OSStartHighRdy
                0x0000000004597554                OSStartTsk
 .text          0x0000000004597578      0x1ec ../lab5_bsp/\libucosii_bsp.a(os_cpu_c.o)
                0x0000000004597578                OSTaskStkInit
                0x0000000004597740                OSTaskCreateHook
                0x0000000004597744                OSTaskDelHook
                0x0000000004597748                OSTaskSwHook
                0x000000000459774c                OSTaskStatHook
                0x0000000004597750                OSTimeTickHook
                0x0000000004597754                OSInitHookBegin
                0x0000000004597758                OSInitHookEnd
                0x000000000459775c                OSTaskIdleHook
                0x0000000004597760                OSTCBInitHook
 .text          0x0000000004597764       0x80 ../lab5_bsp/\libucosii_bsp.a(alt_find_dev.o)
                0x0000000004597764                alt_find_dev
 .text          0x00000000045977e4       0xc8 ../lab5_bsp/\libucosii_bsp.a(alt_find_file.o)
                0x00000000045977e4                alt_find_file
 .text          0x00000000045978ac       0xcc ../lab5_bsp/\libucosii_bsp.a(alt_get_fd.o)
                0x00000000045978ac                alt_get_fd
 .text          0x0000000004597978       0x58 ../lab5_bsp/\libucosii_bsp.a(alt_icache_flush.o)
                0x0000000004597978                alt_icache_flush
 .text          0x00000000045979d0       0x14 c:/altera/14.1/nios2eds/bin/gnu/h-x86_64-mingw32/bin/../lib/gcc/nios2-elf/4.8.3/../../../../../H-x86_64-mingw32/nios2-elf/lib\libc.a(lib_a-atexit.o)
                0x00000000045979d0                atexit
 .text          0x00000000045979e4       0x38 c:/altera/14.1/nios2eds/bin/gnu/h-x86_64-mingw32/bin/../lib/gcc/nios2-elf/4.8.3/../../../../../H-x86_64-mingw32/nios2-elf/lib\libc.a(lib_a-exit.o)
                0x00000000045979e4                exit
 .text          0x0000000004597a1c       0x7c c:/altera/14.1/nios2eds/bin/gnu/h-x86_64-mingw32/bin/../lib/gcc/nios2-elf/4.8.3/../../../../../H-x86_64-mingw32/nios2-elf/lib\libc.a(lib_a-memcmp.o)
                0x0000000004597a1c                memcmp
 .text          0x0000000004597a98      0x11c c:/altera/14.1/nios2eds/bin/gnu/h-x86_64-mingw32/bin/../lib/gcc/nios2-elf/4.8.3/../../../../../H-x86_64-mingw32/nios2-elf/lib\libc.a(lib_a-__atexit.o)
                0x0000000004597a98                __register_exitproc
 .text          0x0000000004597bb4      0x1a4 c:/altera/14.1/nios2eds/bin/gnu/h-x86_64-mingw32/bin/../lib/gcc/nios2-elf/4.8.3/../../../../../H-x86_64-mingw32/nios2-elf/lib\libc.a(lib_a-__call_atexit.o)
                0x0000000004597bb4                __call_exitprocs
 .text          0x0000000004597d58       0x20 ../lab5_bsp/\libucosii_bsp.a(alt_exit.o)
                0x0000000004597d58                _exit
 *(.gnu.warning.*)
 *(.fini)
                0x0000000004597d78                PROVIDE (__etext, ABSOLUTE (.))
                0x0000000004597d78                PROVIDE (_etext, ABSOLUTE (.))
                0x0000000004597d78                PROVIDE (etext, ABSOLUTE (.))
 *(.eh_frame_hdr)
                0x0000000004597d78                . = ALIGN (0x4)
                0x0000000004597d78                PROVIDE (__preinit_array_start, ABSOLUTE (.))
 *(.preinit_array)
                0x0000000004597d78                PROVIDE (__preinit_array_end, ABSOLUTE (.))
                0x0000000004597d78                PROVIDE (__init_array_start, ABSOLUTE (.))
 *(.init_array)
                0x0000000004597d78                PROVIDE (__init_array_end, ABSOLUTE (.))
                0x0000000004597d78                PROVIDE (__fini_array_start, ABSOLUTE (.))
 *(.fini_array)
                0x0000000004597d78                PROVIDE (__fini_array_end, ABSOLUTE (.))
 *(.eh_frame)
 *(.gcc_except_table .gcc_except_table.*)
 *(.dynamic)
                0x0000000004597d78                PROVIDE (__CTOR_LIST__, ABSOLUTE (.))
 *(.ctors)
 *(SORT(.ctors.*))
                0x0000000004597d78                PROVIDE (__CTOR_END__, ABSOLUTE (.))
                0x0000000004597d78                PROVIDE (__DTOR_LIST__, ABSOLUTE (.))
 *(.dtors)
 *(SORT(.dtors.*))
                0x0000000004597d78                PROVIDE (__DTOR_END__, ABSOLUTE (.))
 *(.jcr)
                0x0000000004597d78                . = ALIGN (0x4)

.rodata         0x0000000004597d78   0x1973c0
                0x0000000004597d78                PROVIDE (__ram_rodata_start, ABSOLUTE (.))
                0x0000000004597d78                . = ALIGN (0x4)
 *(.rodata .rodata.* .gnu.linkonce.r.*)
 .rodata        0x0000000004597d78     0x77f2 obj/default/fonts/tahomabold_20.o
 .rodata        0x000000000459f56a    0x12520 obj/default/fonts/tahomabold_32.o
 *fill*         0x00000000045b1a8a        0x2 
 .rodata.str1.4
                0x00000000045b1a8c        0xe obj/default/graphic_lib/draw_gimps.o
                                         0x10 (size before relaxing)
 *fill*         0x00000000045b1a9a        0x2 
 .rodata.str1.4
                0x00000000045b1a9c       0x37 obj/default/hello_ucosii.o
                                         0x38 (size before relaxing)
 *fill*         0x00000000045b1ad3        0x1 
 .rodata        0x00000000045b1ad4     0x28cc obj/default/imagenes/back_down.o
                0x00000000045b1ad4                back_down
 .rodata        0x00000000045b43a0     0x28cc obj/default/imagenes/back_up.o
                0x00000000045b43a0                back_up
 .rodata        0x00000000045b6c6c     0x28cc obj/default/imagenes/ford_down.o
                0x00000000045b6c6c                ford_down
 .rodata        0x00000000045b9538     0x28cc obj/default/imagenes/ford_up.o
                0x00000000045b9538                ford_up
 .rodata        0x00000000045bbe04     0x8dd0 obj/default/imagenes/pause_down.o
                0x00000000045bbe04                pause_down
 .rodata        0x00000000045c4bd4     0x8dd0 obj/default/imagenes/pause_up.o
                0x00000000045c4bd4                pause_up
 .rodata        0x00000000045cd9a4     0x7820 obj/default/imagenes/play_down.o
                0x00000000045cd9a4                play_down
 .rodata        0x00000000045d51c4     0x7820 obj/default/imagenes/play_up.o
                0x00000000045d51c4                play_up
 .rodata        0x00000000045dc9e4     0x7f88 obj/default/imagenes/stop_down.o
                0x00000000045dc9e4                stop_down
 .rodata        0x00000000045e496c     0x7f88 obj/default/imagenes/stop_up.o
                0x00000000045e496c                stop_up
 .rodata        0x00000000045ec8f4   0x142440 obj/default/song/song.o
                0x00000000045ec8f4                song
 .rodata.str1.4
                0x000000000472ed34       0x42 c:/altera/14.1/nios2eds/bin/gnu/h-x86_64-mingw32/bin/../lib/gcc/nios2-elf/4.8.3/../../../../../H-x86_64-mingw32/nios2-elf/lib\libc.a(lib_a-vfprintf.o)
                                         0x44 (size before relaxing)
 .rodata        0x000000000472ed76       0x20 c:/altera/14.1/nios2eds/bin/gnu/h-x86_64-mingw32/bin/../lib/gcc/nios2-elf/4.8.3/../../../../../H-x86_64-mingw32/nios2-elf/lib\libc.a(lib_a-vfprintf.o)
 *fill*         0x000000000472ed96        0x2 
 .rodata.str1.4
                0x000000000472ed98       0x10 c:/altera/14.1/nios2eds/bin/gnu/h-x86_64-mingw32/bin/../lib/gcc/nios2-elf/4.8.3/../../../../../H-x86_64-mingw32/nios2-elf/lib\libc.a(lib_a-dtoa.o)
                                         0x14 (size before relaxing)
 .rodata.str1.4
                0x000000000472eda8        0x2 c:/altera/14.1/nios2eds/bin/gnu/h-x86_64-mingw32/bin/../lib/gcc/nios2-elf/4.8.3/../../../../../H-x86_64-mingw32/nios2-elf/lib\libc.a(lib_a-impure.o)
                                          0x4 (size before relaxing)
 *fill*         0x000000000472edaa        0x2 
 .rodata.str1.4
                0x000000000472edac        0xa c:/altera/14.1/nios2eds/bin/gnu/h-x86_64-mingw32/bin/../lib/gcc/nios2-elf/4.8.3/../../../../../H-x86_64-mingw32/nios2-elf/lib\libc.a(lib_a-locale.o)
                                         0x14 (size before relaxing)
 *fill*         0x000000000472edb6        0x2 
 .rodata        0x000000000472edb8      0x124 c:/altera/14.1/nios2eds/bin/gnu/h-x86_64-mingw32/bin/../lib/gcc/nios2-elf/4.8.3/../../../../../H-x86_64-mingw32/nios2-elf/lib\libc.a(lib_a-mprec.o)
                0x000000000472edc4                __mprec_tinytens
                0x000000000472edec                __mprec_bigtens
                0x000000000472ee14                __mprec_tens
 .rodata.str1.4
                0x0000000000000000       0x30 c:/altera/14.1/nios2eds/bin/gnu/h-x86_64-mingw32/bin/../lib/gcc/nios2-elf/4.8.3/../../../../../H-x86_64-mingw32/nios2-elf/lib\libc.a(lib_a-vfiprintf.o)
 .rodata        0x000000000472eedc       0x20 c:/altera/14.1/nios2eds/bin/gnu/h-x86_64-mingw32/bin/../lib/gcc/nios2-elf/4.8.3/../../../../../H-x86_64-mingw32/nios2-elf/lib\libc.a(lib_a-vfiprintf.o)
 .rodata        0x000000000472eefc      0x100 c:/altera/14.1/nios2eds/bin/gnu/h-x86_64-mingw32/bin/../lib/gcc/nios2-elf/4.8.3\libgcc.a(_clz.o)
                0x000000000472eefc                __clz_tab
 .rodata.str1.4
                0x000000000472effc        0xa ../lab5_bsp/\libucosii_bsp.a(alt_dev.o)
                                          0xc (size before relaxing)
 *fill*         0x000000000472f006        0x2 
 .rodata.str1.4
                0x000000000472f008        0xf ../lab5_bsp/\libucosii_bsp.a(alt_main.o)
                                         0x10 (size before relaxing)
 *fill*         0x000000000472f017        0x1 
 .rodata.str1.4
                0x000000000472f018       0x20 ../lab5_bsp/\libucosii_bsp.a(os_core.o)
 .rodata        0x000000000472f038      0x100 ../lab5_bsp/\libucosii_bsp.a(os_core.o)
                0x000000000472f038                OSUnMapTbl
 .rodata.str1.4
                0x0000000000000000       0x10 ../lab5_bsp/\libucosii_bsp.a(alt_sys_init.o)
 .rodata.str1.4
                0x0000000000000000        0x4 ../lab5_bsp/\libucosii_bsp.a(os_cpu_c.o)
 *(.rodata1)
                0x000000000472f138                . = ALIGN (0x4)
                0x000000000472f138                PROVIDE (__ram_rodata_end, ABSOLUTE (.))
                0x0000000004597d78                PROVIDE (__flash_rodata_start, LOADADDR (.rodata))

.rwdata         0x000000000472f138     0x3718 load address 0x0000000004732850
                0x000000000472f138                PROVIDE (__ram_rwdata_start, ABSOLUTE (.))
                0x000000000472f138                . = ALIGN (0x4)
 *(.got.plt)
 *(.got)
 *(.data1)
 *(.data .data.* .gnu.linkonce.d.*)
 .data          0x000000000472f138        0x0 ../lab5_bsp//obj/HAL/src/crt0.o
 .data          0x000000000472f138        0x0 obj/default/drivers/drivers.o
 .data          0x000000000472f138      0xbc0 obj/default/fonts/tahomabold_20.o
                0x000000000472f138                tahomabold_20
 .data          0x000000000472fcf8      0xbc0 obj/default/fonts/tahomabold_32.o
                0x000000000472fcf8                tahomabold_32
 .data          0x00000000047308b8        0x0 obj/default/frame.o
 .data          0x00000000047308b8        0x0 obj/default/graphic_lib/draw_gimps.o
 .data          0x00000000047308b8        0x0 obj/default/graphic_lib/gimp_bmp.o
 .data          0x00000000047308b8      0x415 obj/default/graphic_lib/simple_graphics.o
                0x00000000047308b8                cour10_font_array
 .data          0x0000000004730ccd        0x0 obj/default/graphic_lib/simple_text.o
 .data          0x0000000004730ccd        0x0 obj/default/hello_ucosii.o
 .data          0x0000000004730ccd        0x0 obj/default/imagenes/back_down.o
 .data          0x0000000004730ccd        0x0 obj/default/imagenes/back_up.o
 .data          0x0000000004730ccd        0x0 obj/default/imagenes/ford_down.o
 .data          0x0000000004730ccd        0x0 obj/default/imagenes/ford_up.o
 .data          0x0000000004730ccd        0x0 obj/default/imagenes/pause_down.o
 .data          0x0000000004730ccd        0x0 obj/default/imagenes/pause_up.o
 .data          0x0000000004730ccd        0x0 obj/default/imagenes/play_down.o
 .data          0x0000000004730ccd        0x0 obj/default/imagenes/play_up.o
 .data          0x0000000004730ccd        0x0 obj/default/imagenes/stop_down.o
 .data          0x0000000004730ccd        0x0 obj/default/imagenes/stop_up.o
 .data          0x0000000004730ccd        0x0 obj/default/song/song.o
 .data          0x0000000004730ccd        0x0 obj/default/student_code/student_code.o
 .data          0x0000000004730ccd        0x0 obj/default/vip_fr.o
 .data          0x0000000004730ccd        0x0 c:/altera/14.1/nios2eds/bin/gnu/h-x86_64-mingw32/bin/../lib/gcc/nios2-elf/4.8.3\libgcc.a(lib2-divmod.o)
 .data          0x0000000004730ccd        0x0 c:/altera/14.1/nios2eds/bin/gnu/h-x86_64-mingw32/bin/../lib/gcc/nios2-elf/4.8.3\libgcc.a(fixsfsi.o)
 .data          0x0000000004730ccd        0x0 c:/altera/14.1/nios2eds/bin/gnu/h-x86_64-mingw32/bin/../lib/gcc/nios2-elf/4.8.3/../../../../../H-x86_64-mingw32/nios2-elf/lib\libc.a(lib_a-malloc.o)
 *fill*         0x0000000004730ccd        0x3 
 .data          0x0000000004730cd0      0x408 c:/altera/14.1/nios2eds/bin/gnu/h-x86_64-mingw32/bin/../lib/gcc/nios2-elf/4.8.3/../../../../../H-x86_64-mingw32/nios2-elf/lib\libc.a(lib_a-mallocr.o)
                0x0000000004730cd0                __malloc_av_
 .data          0x00000000047310d8        0x0 c:/altera/14.1/nios2eds/bin/gnu/h-x86_64-mingw32/bin/../lib/gcc/nios2-elf/4.8.3/../../../../../H-x86_64-mingw32/nios2-elf/lib\libc.a(lib_a-memcpy.o)
 .data          0x00000000047310d8        0x0 c:/altera/14.1/nios2eds/bin/gnu/h-x86_64-mingw32/bin/../lib/gcc/nios2-elf/4.8.3/../../../../../H-x86_64-mingw32/nios2-elf/lib\libc.a(lib_a-memset.o)
 .data          0x00000000047310d8        0x0 c:/altera/14.1/nios2eds/bin/gnu/h-x86_64-mingw32/bin/../lib/gcc/nios2-elf/4.8.3/../../../../../H-x86_64-mingw32/nios2-elf/lib\libc.a(lib_a-printf.o)
 .data          0x00000000047310d8        0x0 c:/altera/14.1/nios2eds/bin/gnu/h-x86_64-mingw32/bin/../lib/gcc/nios2-elf/4.8.3/../../../../../H-x86_64-mingw32/nios2-elf/lib\libc.a(lib_a-sbrkr.o)
 .data          0x00000000047310d8        0x0 c:/altera/14.1/nios2eds/bin/gnu/h-x86_64-mingw32/bin/../lib/gcc/nios2-elf/4.8.3/../../../../../H-x86_64-mingw32/nios2-elf/lib\libc.a(lib_a-strcpy.o)
 .data          0x00000000047310d8        0x0 c:/altera/14.1/nios2eds/bin/gnu/h-x86_64-mingw32/bin/../lib/gcc/nios2-elf/4.8.3/../../../../../H-x86_64-mingw32/nios2-elf/lib\libc.a(lib_a-strlen.o)
 .data          0x00000000047310d8        0x0 c:/altera/14.1/nios2eds/bin/gnu/h-x86_64-mingw32/bin/../lib/gcc/nios2-elf/4.8.3/../../../../../H-x86_64-mingw32/nios2-elf/lib\libc.a(lib_a-vfprintf.o)
 .data          0x00000000047310d8        0x0 c:/altera/14.1/nios2eds/bin/gnu/h-x86_64-mingw32/bin/../lib/gcc/nios2-elf/4.8.3/../../../../../H-x86_64-mingw32/nios2-elf/lib\libc.a(lib_a-wsetup.o)
 .data          0x00000000047310d8        0x0 c:/altera/14.1/nios2eds/bin/gnu/h-x86_64-mingw32/bin/../lib/gcc/nios2-elf/4.8.3/../../../../../H-x86_64-mingw32/nios2-elf/lib\libc.a(lib_a-dtoa.o)
 .data          0x00000000047310d8        0x0 c:/altera/14.1/nios2eds/bin/gnu/h-x86_64-mingw32/bin/../lib/gcc/nios2-elf/4.8.3/../../../../../H-x86_64-mingw32/nios2-elf/lib\libc.a(lib_a-fflush.o)
 .data          0x00000000047310d8        0x0 c:/altera/14.1/nios2eds/bin/gnu/h-x86_64-mingw32/bin/../lib/gcc/nios2-elf/4.8.3/../../../../../H-x86_64-mingw32/nios2-elf/lib\libc.a(lib_a-findfp.o)
 .data          0x00000000047310d8        0x0 c:/altera/14.1/nios2eds/bin/gnu/h-x86_64-mingw32/bin/../lib/gcc/nios2-elf/4.8.3/../../../../../H-x86_64-mingw32/nios2-elf/lib\libc.a(lib_a-freer.o)
 .data          0x00000000047310d8        0x0 c:/altera/14.1/nios2eds/bin/gnu/h-x86_64-mingw32/bin/../lib/gcc/nios2-elf/4.8.3/../../../../../H-x86_64-mingw32/nios2-elf/lib\libc.a(lib_a-fwalk.o)
 .data          0x00000000047310d8      0x424 c:/altera/14.1/nios2eds/bin/gnu/h-x86_64-mingw32/bin/../lib/gcc/nios2-elf/4.8.3/../../../../../H-x86_64-mingw32/nios2-elf/lib\libc.a(lib_a-impure.o)
 .data          0x00000000047314fc        0x0 c:/altera/14.1/nios2eds/bin/gnu/h-x86_64-mingw32/bin/../lib/gcc/nios2-elf/4.8.3/../../../../../H-x86_64-mingw32/nios2-elf/lib\libc.a(lib_a-int_errno.o)
 .data          0x00000000047314fc       0x78 c:/altera/14.1/nios2eds/bin/gnu/h-x86_64-mingw32/bin/../lib/gcc/nios2-elf/4.8.3/../../../../../H-x86_64-mingw32/nios2-elf/lib\libc.a(lib_a-locale.o)
 .data          0x0000000004731574        0x0 c:/altera/14.1/nios2eds/bin/gnu/h-x86_64-mingw32/bin/../lib/gcc/nios2-elf/4.8.3/../../../../../H-x86_64-mingw32/nios2-elf/lib\libc.a(lib_a-makebuf.o)
 .data          0x0000000004731574        0x0 c:/altera/14.1/nios2eds/bin/gnu/h-x86_64-mingw32/bin/../lib/gcc/nios2-elf/4.8.3/../../../../../H-x86_64-mingw32/nios2-elf/lib\libc.a(lib_a-memchr.o)
 .data          0x0000000004731574        0x0 c:/altera/14.1/nios2eds/bin/gnu/h-x86_64-mingw32/bin/../lib/gcc/nios2-elf/4.8.3/../../../../../H-x86_64-mingw32/nios2-elf/lib\libc.a(lib_a-mprec.o)
 .data          0x0000000004731574        0x0 c:/altera/14.1/nios2eds/bin/gnu/h-x86_64-mingw32/bin/../lib/gcc/nios2-elf/4.8.3/../../../../../H-x86_64-mingw32/nios2-elf/lib\libc.a(lib_a-s_fpclassify.o)
 .data          0x0000000004731574        0x0 c:/altera/14.1/nios2eds/bin/gnu/h-x86_64-mingw32/bin/../lib/gcc/nios2-elf/4.8.3/../../../../../H-x86_64-mingw32/nios2-elf/lib\libc.a(lib_a-stdio.o)
 .data          0x0000000004731574        0x0 c:/altera/14.1/nios2eds/bin/gnu/h-x86_64-mingw32/bin/../lib/gcc/nios2-elf/4.8.3/../../../../../H-x86_64-mingw32/nios2-elf/lib\libc.a(lib_a-strcmp.o)
 .data          0x0000000004731574        0x0 c:/altera/14.1/nios2eds/bin/gnu/h-x86_64-mingw32/bin/../lib/gcc/nios2-elf/4.8.3/../../../../../H-x86_64-mingw32/nios2-elf/lib\libc.a(lib_a-vfiprintf.o)
 .data          0x0000000004731574        0x0 c:/altera/14.1/nios2eds/bin/gnu/h-x86_64-mingw32/bin/../lib/gcc/nios2-elf/4.8.3/../../../../../H-x86_64-mingw32/nios2-elf/lib\libc.a(lib_a-writer.o)
 .data          0x0000000004731574        0x0 c:/altera/14.1/nios2eds/bin/gnu/h-x86_64-mingw32/bin/../lib/gcc/nios2-elf/4.8.3/../../../../../H-x86_64-mingw32/nios2-elf/lib\libc.a(closer.o)
 .data          0x0000000004731574        0x0 c:/altera/14.1/nios2eds/bin/gnu/h-x86_64-mingw32/bin/../lib/gcc/nios2-elf/4.8.3/../../../../../H-x86_64-mingw32/nios2-elf/lib\libc.a(lib_a-callocr.o)
 .data          0x0000000004731574        0x0 c:/altera/14.1/nios2eds/bin/gnu/h-x86_64-mingw32/bin/../lib/gcc/nios2-elf/4.8.3/../../../../../H-x86_64-mingw32/nios2-elf/lib\libc.a(lib_a-fclose.o)
 .data          0x0000000004731574        0x0 c:/altera/14.1/nios2eds/bin/gnu/h-x86_64-mingw32/bin/../lib/gcc/nios2-elf/4.8.3/../../../../../H-x86_64-mingw32/nios2-elf/lib\libc.a(lib_a-fputwc.o)
 .data          0x0000000004731574        0x0 c:/altera/14.1/nios2eds/bin/gnu/h-x86_64-mingw32/bin/../lib/gcc/nios2-elf/4.8.3/../../../../../H-x86_64-mingw32/nios2-elf/lib\libc.a(lib_a-fstatr.o)
 .data          0x0000000004731574        0x0 c:/altera/14.1/nios2eds/bin/gnu/h-x86_64-mingw32/bin/../lib/gcc/nios2-elf/4.8.3/../../../../../H-x86_64-mingw32/nios2-elf/lib\libc.a(lib_a-fvwrite.o)
 .data          0x0000000004731574        0x0 c:/altera/14.1/nios2eds/bin/gnu/h-x86_64-mingw32/bin/../lib/gcc/nios2-elf/4.8.3/../../../../../H-x86_64-mingw32/nios2-elf/lib\libc.a(lib_a-isattyr.o)
 .data          0x0000000004731574        0x0 c:/altera/14.1/nios2eds/bin/gnu/h-x86_64-mingw32/bin/../lib/gcc/nios2-elf/4.8.3/../../../../../H-x86_64-mingw32/nios2-elf/lib\libc.a(lib_a-lseekr.o)
 .data          0x0000000004731574        0x0 c:/altera/14.1/nios2eds/bin/gnu/h-x86_64-mingw32/bin/../lib/gcc/nios2-elf/4.8.3/../../../../../H-x86_64-mingw32/nios2-elf/lib\libc.a(lib_a-memmove.o)
 .data          0x0000000004731574        0x0 c:/altera/14.1/nios2eds/bin/gnu/h-x86_64-mingw32/bin/../lib/gcc/nios2-elf/4.8.3/../../../../../H-x86_64-mingw32/nios2-elf/lib\libc.a(lib_a-readr.o)
 .data          0x0000000004731574        0x0 c:/altera/14.1/nios2eds/bin/gnu/h-x86_64-mingw32/bin/../lib/gcc/nios2-elf/4.8.3/../../../../../H-x86_64-mingw32/nios2-elf/lib\libc.a(lib_a-reallocr.o)
 .data          0x0000000004731574        0x0 c:/altera/14.1/nios2eds/bin/gnu/h-x86_64-mingw32/bin/../lib/gcc/nios2-elf/4.8.3/../../../../../H-x86_64-mingw32/nios2-elf/lib\libc.a(lib_a-wbuf.o)
 .data          0x0000000004731574        0x0 c:/altera/14.1/nios2eds/bin/gnu/h-x86_64-mingw32/bin/../lib/gcc/nios2-elf/4.8.3/../../../../../H-x86_64-mingw32/nios2-elf/lib\libc.a(lib_a-wcrtomb.o)
 .data          0x0000000004731574        0x0 c:/altera/14.1/nios2eds/bin/gnu/h-x86_64-mingw32/bin/../lib/gcc/nios2-elf/4.8.3/../../../../../H-x86_64-mingw32/nios2-elf/lib\libc.a(lib_a-wctomb_r.o)
 .data          0x0000000004731574        0x0 c:/altera/14.1/nios2eds/bin/gnu/h-x86_64-mingw32/bin/../lib/gcc/nios2-elf/4.8.3\libgcc.a(_udivdi3.o)
 .data          0x0000000004731574        0x0 c:/altera/14.1/nios2eds/bin/gnu/h-x86_64-mingw32/bin/../lib/gcc/nios2-elf/4.8.3\libgcc.a(_umoddi3.o)
 .data          0x0000000004731574        0x0 c:/altera/14.1/nios2eds/bin/gnu/h-x86_64-mingw32/bin/../lib/gcc/nios2-elf/4.8.3\libgcc.a(adddf3.o)
 .data          0x0000000004731574        0x0 c:/altera/14.1/nios2eds/bin/gnu/h-x86_64-mingw32/bin/../lib/gcc/nios2-elf/4.8.3\libgcc.a(divdf3.o)
 .data          0x0000000004731574        0x0 c:/altera/14.1/nios2eds/bin/gnu/h-x86_64-mingw32/bin/../lib/gcc/nios2-elf/4.8.3\libgcc.a(eqdf2.o)
 .data          0x0000000004731574        0x0 c:/altera/14.1/nios2eds/bin/gnu/h-x86_64-mingw32/bin/../lib/gcc/nios2-elf/4.8.3\libgcc.a(gedf2.o)
 .data          0x0000000004731574        0x0 c:/altera/14.1/nios2eds/bin/gnu/h-x86_64-mingw32/bin/../lib/gcc/nios2-elf/4.8.3\libgcc.a(ledf2.o)
 .data          0x0000000004731574        0x0 c:/altera/14.1/nios2eds/bin/gnu/h-x86_64-mingw32/bin/../lib/gcc/nios2-elf/4.8.3\libgcc.a(muldf3.o)
 .data          0x0000000004731574        0x0 c:/altera/14.1/nios2eds/bin/gnu/h-x86_64-mingw32/bin/../lib/gcc/nios2-elf/4.8.3\libgcc.a(subdf3.o)
 .data          0x0000000004731574        0x0 c:/altera/14.1/nios2eds/bin/gnu/h-x86_64-mingw32/bin/../lib/gcc/nios2-elf/4.8.3\libgcc.a(fixdfsi.o)
 .data          0x0000000004731574        0x0 c:/altera/14.1/nios2eds/bin/gnu/h-x86_64-mingw32/bin/../lib/gcc/nios2-elf/4.8.3\libgcc.a(floatsidf.o)
 .data          0x0000000004731574        0x0 c:/altera/14.1/nios2eds/bin/gnu/h-x86_64-mingw32/bin/../lib/gcc/nios2-elf/4.8.3\libgcc.a(floatunsidf.o)
 .data          0x0000000004731574        0x0 c:/altera/14.1/nios2eds/bin/gnu/h-x86_64-mingw32/bin/../lib/gcc/nios2-elf/4.8.3\libgcc.a(_clz.o)
 .data          0x0000000004731574        0x0 c:/altera/14.1/nios2eds/bin/gnu/h-x86_64-mingw32/bin/../lib/gcc/nios2-elf/4.8.3\libgcc.a(_clzsi2.o)
 .data          0x0000000004731574        0x0 ../lab5_bsp/\libucosii_bsp.a(alt_close.o)
 .data          0x0000000004731574        0x0 ../lab5_bsp/\libucosii_bsp.a(alt_dcache_flush_all.o)
 .data          0x0000000004731574      0x1a8 ../lab5_bsp/\libucosii_bsp.a(alt_dev.o)
                0x0000000004731574                alt_fd_list
                0x00000000047316f4                alt_dev_null
 .data          0x000000000473171c        0x0 ../lab5_bsp/\libucosii_bsp.a(alt_errno.o)
 .data          0x000000000473171c        0x0 ../lab5_bsp/\libucosii_bsp.a(alt_fstat.o)
 .data          0x000000000473171c        0x0 ../lab5_bsp/\libucosii_bsp.a(alt_iic.o)
 .data          0x000000000473171c        0x0 ../lab5_bsp/\libucosii_bsp.a(alt_iic_isr_register.o)
 .data          0x000000000473171c        0x0 ../lab5_bsp/\libucosii_bsp.a(alt_irq_entry.o)
 .data          0x000000000473171c        0x0 ../lab5_bsp/\libucosii_bsp.a(alt_irq_handler.o)
 .data          0x000000000473171c        0x0 ../lab5_bsp/\libucosii_bsp.a(alt_irq_vars.o)
 .data          0x000000000473171c        0x0 ../lab5_bsp/\libucosii_bsp.a(alt_isatty.o)
 .data          0x000000000473171c        0x0 ../lab5_bsp/\libucosii_bsp.a(alt_load.o)
 .data          0x000000000473171c        0x0 ../lab5_bsp/\libucosii_bsp.a(alt_lseek.o)
 .data          0x000000000473171c        0x0 ../lab5_bsp/\libucosii_bsp.a(alt_main.o)
 .data          0x000000000473171c        0x0 ../lab5_bsp/\libucosii_bsp.a(alt_read.o)
 .data          0x000000000473171c        0x0 ../lab5_bsp/\libucosii_bsp.a(alt_release_fd.o)
 .data          0x000000000473171c        0x0 ../lab5_bsp/\libucosii_bsp.a(alt_sbrk.o)
 .data          0x000000000473171c        0x0 ../lab5_bsp/\libucosii_bsp.a(alt_tick.o)
 .data          0x000000000473171c        0x0 ../lab5_bsp/\libucosii_bsp.a(alt_write.o)
 .data          0x000000000473171c        0x0 ../lab5_bsp/\libucosii_bsp.a(alt_env_lock.o)
 .data          0x000000000473171c        0x0 ../lab5_bsp/\libucosii_bsp.a(alt_malloc_lock.o)
 .data          0x000000000473171c        0x0 ../lab5_bsp/\libucosii_bsp.a(os_core.o)
 .data          0x000000000473171c        0x0 ../lab5_bsp/\libucosii_bsp.a(os_dbg.o)
 .data          0x000000000473171c        0x0 ../lab5_bsp/\libucosii_bsp.a(os_flag.o)
 .data          0x000000000473171c        0x0 ../lab5_bsp/\libucosii_bsp.a(os_mem.o)
 .data          0x000000000473171c        0x0 ../lab5_bsp/\libucosii_bsp.a(os_q.o)
 .data          0x000000000473171c        0x0 ../lab5_bsp/\libucosii_bsp.a(os_sem.o)
 .data          0x000000000473171c        0x0 ../lab5_bsp/\libucosii_bsp.a(os_task.o)
 .data          0x000000000473171c        0x0 ../lab5_bsp/\libucosii_bsp.a(os_time.o)
 .data          0x000000000473171c     0x106c ../lab5_bsp/\libucosii_bsp.a(alt_sys_init.o)
 .data          0x0000000004732788        0x0 ../lab5_bsp/\libucosii_bsp.a(altera_avalon_jtag_uart_fd.o)
 .data          0x0000000004732788        0x0 ../lab5_bsp/\libucosii_bsp.a(altera_avalon_jtag_uart_init.o)
 .data          0x0000000004732788        0x0 ../lab5_bsp/\libucosii_bsp.a(altera_avalon_jtag_uart_ioctl.o)
 .data          0x0000000004732788        0x0 ../lab5_bsp/\libucosii_bsp.a(altera_avalon_jtag_uart_read.o)
 .data          0x0000000004732788        0x0 ../lab5_bsp/\libucosii_bsp.a(altera_avalon_jtag_uart_write.o)
 .data          0x0000000004732788        0x0 ../lab5_bsp/\libucosii_bsp.a(altera_avalon_timer_sc.o)
 .data          0x0000000004732788        0x0 ../lab5_bsp/\libucosii_bsp.a(alt_alarm_start.o)
 .data          0x0000000004732788        0x0 ../lab5_bsp/\libucosii_bsp.a(alt_dev_llist_insert.o)
 .data          0x0000000004732788        0x0 ../lab5_bsp/\libucosii_bsp.a(alt_do_ctors.o)
 .data          0x0000000004732788        0x0 ../lab5_bsp/\libucosii_bsp.a(alt_do_dtors.o)
 .data          0x0000000004732788        0x0 ../lab5_bsp/\libucosii_bsp.a(alt_exception_entry.o)
 .data          0x0000000004732788        0x0 ../lab5_bsp/\libucosii_bsp.a(alt_icache_flush_all.o)
 .data          0x0000000004732788        0x0 ../lab5_bsp/\libucosii_bsp.a(alt_io_redirect.o)
 .data          0x0000000004732788        0x0 ../lab5_bsp/\libucosii_bsp.a(alt_open.o)
 .data          0x0000000004732788        0x0 ../lab5_bsp/\libucosii_bsp.a(altera_nios2_qsys_irq.o)
 .data          0x0000000004732788        0x0 ../lab5_bsp/\libucosii_bsp.a(os_cpu_a.o)
 .data          0x0000000004732788        0x0 ../lab5_bsp/\libucosii_bsp.a(os_cpu_c.o)
 .data          0x0000000004732788        0x0 ../lab5_bsp/\libucosii_bsp.a(alt_find_dev.o)
 .data          0x0000000004732788        0x0 ../lab5_bsp/\libucosii_bsp.a(alt_find_file.o)
 .data          0x0000000004732788        0x0 ../lab5_bsp/\libucosii_bsp.a(alt_get_fd.o)
 .data          0x0000000004732788        0x0 ../lab5_bsp/\libucosii_bsp.a(alt_icache_flush.o)
 .data          0x0000000004732788        0x0 c:/altera/14.1/nios2eds/bin/gnu/h-x86_64-mingw32/bin/../lib/gcc/nios2-elf/4.8.3/../../../../../H-x86_64-mingw32/nios2-elf/lib\libc.a(lib_a-atexit.o)
 .data          0x0000000004732788        0x0 c:/altera/14.1/nios2eds/bin/gnu/h-x86_64-mingw32/bin/../lib/gcc/nios2-elf/4.8.3/../../../../../H-x86_64-mingw32/nios2-elf/lib\libc.a(lib_a-exit.o)
 .data          0x0000000004732788        0x0 c:/altera/14.1/nios2eds/bin/gnu/h-x86_64-mingw32/bin/../lib/gcc/nios2-elf/4.8.3/../../../../../H-x86_64-mingw32/nios2-elf/lib\libc.a(lib_a-memcmp.o)
 .data          0x0000000004732788        0x0 c:/altera/14.1/nios2eds/bin/gnu/h-x86_64-mingw32/bin/../lib/gcc/nios2-elf/4.8.3/../../../../../H-x86_64-mingw32/nios2-elf/lib\libc.a(lib_a-__atexit.o)
 .data          0x0000000004732788        0x0 c:/altera/14.1/nios2eds/bin/gnu/h-x86_64-mingw32/bin/../lib/gcc/nios2-elf/4.8.3/../../../../../H-x86_64-mingw32/nios2-elf/lib\libc.a(lib_a-__call_atexit.o)
 .data          0x0000000004732788        0x0 ../lab5_bsp/\libucosii_bsp.a(alt_exit.o)
                0x000000000473a788                _gp = ABSOLUTE ((. + 0x8000))
                0x000000000473a788                PROVIDE (gp, _gp)
 *(.rwdata .rwdata.*)
 *(.sdata .sdata.* .gnu.linkonce.s.*)
 .sdata         0x0000000004732788        0x4 obj/default/graphic_lib/simple_graphics.o
                0x0000000004732788                cour10_font
 .sdata         0x000000000473278c        0x4 obj/default/hello_ucosii.o
                0x000000000473278c                freq_reader
 .sdata         0x0000000004732790        0x4 obj/default/song/song.o
                0x0000000004732790                size_song
 .sdata         0x0000000004732794        0x8 c:/altera/14.1/nios2eds/bin/gnu/h-x86_64-mingw32/bin/../lib/gcc/nios2-elf/4.8.3/../../../../../H-x86_64-mingw32/nios2-elf/lib\libc.a(lib_a-mallocr.o)
                0x0000000004732794                __malloc_sbrk_base
                0x0000000004732798                __malloc_trim_threshold
 .sdata         0x000000000473279c        0x8 c:/altera/14.1/nios2eds/bin/gnu/h-x86_64-mingw32/bin/../lib/gcc/nios2-elf/4.8.3/../../../../../H-x86_64-mingw32/nios2-elf/lib\libc.a(lib_a-impure.o)
                0x000000000473279c                _global_impure_ptr
                0x00000000047327a0                _impure_ptr
 .sdata         0x00000000047327a4        0x4 c:/altera/14.1/nios2eds/bin/gnu/h-x86_64-mingw32/bin/../lib/gcc/nios2-elf/4.8.3/../../../../../H-x86_64-mingw32/nios2-elf/lib\libc.a(lib_a-locale.o)
                0x00000000047327a4                __mb_cur_max
 .sdata         0x00000000047327a8        0x4 c:/altera/14.1/nios2eds/bin/gnu/h-x86_64-mingw32/bin/../lib/gcc/nios2-elf/4.8.3/../../../../../H-x86_64-mingw32/nios2-elf/lib\libc.a(lib_a-wctomb_r.o)
                0x00000000047327a8                __wctomb
 .sdata         0x00000000047327ac       0x14 ../lab5_bsp/\libucosii_bsp.a(alt_dev.o)
                0x00000000047327ac                alt_max_fd
                0x00000000047327b0                alt_dev_list
                0x00000000047327b8                alt_fs_list
 .sdata         0x00000000047327c0        0x4 ../lab5_bsp/\libucosii_bsp.a(alt_errno.o)
                0x00000000047327c0                alt_errno
 .sdata         0x00000000047327c4        0x4 ../lab5_bsp/\libucosii_bsp.a(alt_irq_vars.o)
                0x00000000047327c4                alt_priority_mask
 .sdata         0x00000000047327c8        0x4 ../lab5_bsp/\libucosii_bsp.a(alt_sbrk.o)
 .sdata         0x00000000047327cc        0x8 ../lab5_bsp/\libucosii_bsp.a(alt_tick.o)
                0x00000000047327cc                alt_alarm_list
 .sdata         0x00000000047327d4        0x4 ../lab5_bsp/\libucosii_bsp.a(alt_env_lock.o)
 .sdata         0x00000000047327d8        0x4 ../lab5_bsp/\libucosii_bsp.a(alt_malloc_lock.o)
 .sdata         0x00000000047327dc       0x74 ../lab5_bsp/\libucosii_bsp.a(os_dbg.o)
                0x00000000047327dc                OSDataSize
                0x00000000047327de                OSTmrWheelTblSize
                0x00000000047327e0                OSTmrWheelSize
                0x00000000047327e2                OSTmrTblSize
                0x00000000047327e4                OSTmrSize
                0x00000000047327e6                OSTmrCfgTicksPerSec
                0x00000000047327e8                OSTmrCfgWheelSize
                0x00000000047327ea                OSTmrCfgNameSize
                0x00000000047327ec                OSTmrCfgMax
                0x00000000047327ee                OSTmrEn
                0x00000000047327f0                OSVersionNbr
                0x00000000047327f2                OSTimeTickHookEn
                0x00000000047327f4                OSTicksPerSec
                0x00000000047327f6                OSTCBSize
                0x00000000047327f8                OSTCBPrioTblMax
                0x00000000047327fa                OSTaskSwHookEn
                0x00000000047327fc                OSTaskStatStkChkEn
                0x00000000047327fe                OSTaskStatStkSize
                0x0000000004732800                OSTaskStatEn
                0x0000000004732802                OSTaskNameSize
                0x0000000004732804                OSTaskMax
                0x0000000004732806                OSTaskProfileEn
                0x0000000004732808                OSTaskIdleStkSize
                0x000000000473280a                OSTaskDelEn
                0x000000000473280c                OSTaskCreateExtEn
                0x000000000473280e                OSTaskCreateEn
                0x0000000004732810                OSStkWidth
                0x0000000004732812                OSSemEn
                0x0000000004732814                OSRdyTblSize
                0x0000000004732816                OSQSize
                0x0000000004732818                OSQMax
                0x000000000473281a                OSQEn
                0x000000000473281c                OSPtrSize
                0x000000000473281e                OSMutexEn
                0x0000000004732820                OSMemTblSize
                0x0000000004732822                OSMemSize
                0x0000000004732824                OSMemNameSize
                0x0000000004732826                OSMemMax
                0x0000000004732828                OSMemEn
                0x000000000473282a                OSMboxEn
                0x000000000473282c                OSLowestPrio
                0x000000000473282e                OSFlagNameSize
                0x0000000004732830                OSFlagMax
                0x0000000004732832                OSFlagWidth
                0x0000000004732834                OSFlagNodeSize
                0x0000000004732836                OSFlagGrpSize
                0x0000000004732838                OSFlagEn
                0x000000000473283a                OSEventMultiEn
                0x000000000473283c                OSEventTblSize
                0x000000000473283e                OSEventSize
                0x0000000004732840                OSEventNameSize
                0x0000000004732842                OSEventMax
                0x0000000004732844                OSEventEn
                0x0000000004732848                OSEndiannessTest
                0x000000000473284c                OSDebugEn
 *(.sdata2 .sdata2.* .gnu.linkonce.s2.*)
                0x0000000004732850                . = ALIGN (0x4)
                0x0000000004732850                _edata = ABSOLUTE (.)
                0x0000000004732850                PROVIDE (edata, ABSOLUTE (.))
                0x0000000004732850                PROVIDE (__ram_rwdata_end, ABSOLUTE (.))
                0x0000000004732850                PROVIDE (__flash_rwdata_start, LOADADDR (.rwdata))

.bss            0x0000000004735f68     0xf404
                0x0000000004735f68                __bss_start = ABSOLUTE (.)
                0x0000000004735f68                PROVIDE (__sbss_start, ABSOLUTE (.))
                0x0000000004735f68                PROVIDE (___sbss_start, ABSOLUTE (.))
 *(.dynsbss)
 *(.sbss .sbss.* .gnu.linkonce.sb.*)
 .sbss          0x0000000004735f68        0x1 obj/default/drivers/drivers.o
 .sbss          0x0000000004735f69        0x3 obj/default/hello_ucosii.o
                0x0000000004735f69                stop_song
                0x0000000004735f6a                pause_song
                0x0000000004735f6b                play_song
 .sbss          0x0000000004735f6c        0x4 obj/default/hello_ucosii.o
                0x0000000004735f6c                SW_Frame
 .sbss          0x0000000004735f70        0xc c:/altera/14.1/nios2eds/bin/gnu/h-x86_64-mingw32/bin/../lib/gcc/nios2-elf/4.8.3/../../../../../H-x86_64-mingw32/nios2-elf/lib\libc.a(lib_a-mallocr.o)
                0x0000000004735f70                __malloc_max_total_mem
                0x0000000004735f74                __malloc_max_sbrked_mem
                0x0000000004735f78                __malloc_top_pad
 .sbss          0x0000000004735f7c        0x4 c:/altera/14.1/nios2eds/bin/gnu/h-x86_64-mingw32/bin/../lib/gcc/nios2-elf/4.8.3/../../../../../H-x86_64-mingw32/nios2-elf/lib\libc.a(lib_a-int_errno.o)
                0x0000000004735f7c                errno
 .sbss          0x0000000004735f80        0xc c:/altera/14.1/nios2eds/bin/gnu/h-x86_64-mingw32/bin/../lib/gcc/nios2-elf/4.8.3/../../../../../H-x86_64-mingw32/nios2-elf/lib\libc.a(lib_a-locale.o)
                0x0000000004735f80                _PathLocale
                0x0000000004735f84                __mlocale_changed
                0x0000000004735f88                __nlocale_changed
 .sbss          0x0000000004735f8c        0x4 ../lab5_bsp/\libucosii_bsp.a(alt_dev.o)
                0x0000000004735f8c                alt_fd_list_lock
 .sbss          0x0000000004735f90        0x4 ../lab5_bsp/\libucosii_bsp.a(alt_irq_vars.o)
                0x0000000004735f90                alt_irq_active
 .sbss          0x0000000004735f94        0xc ../lab5_bsp/\libucosii_bsp.a(alt_main.o)
                0x0000000004735f94                alt_envp
                0x0000000004735f98                alt_argv
                0x0000000004735f9c                alt_argc
 .sbss          0x0000000004735fa0        0x8 ../lab5_bsp/\libucosii_bsp.a(alt_tick.o)
                0x0000000004735fa0                _alt_nticks
                0x0000000004735fa4                _alt_tick_rate
 .sbss          0x0000000004735fa8        0x8 ../lab5_bsp/\libucosii_bsp.a(alt_env_lock.o)
                0x0000000004735fac                alt_envsem
 .sbss          0x0000000004735fb0        0x8 ../lab5_bsp/\libucosii_bsp.a(alt_malloc_lock.o)
                0x0000000004735fb4                alt_heapsem
 .sbss          0x0000000004735fb8       0x50 ../lab5_bsp/\libucosii_bsp.a(os_core.o)
                0x0000000004735fb8                OSLockNesting
                0x0000000004735fb9                OSRunning
                0x0000000004735fbc                OSIdleCtr
                0x0000000004735fc0                OSPrioHighRdy
                0x0000000004735fc1                OSPrioCur
                0x0000000004735fc4                OSTCBList
                0x0000000004735fc8                OSTickStepState
                0x0000000004735fcc                OSCtxSwCtr
                0x0000000004735fd0                OSIdleCtrMax
                0x0000000004735fd4                OSTCBFreeList
                0x0000000004735fd8                OSCPUUsage
                0x0000000004735fd9                OSTaskCtr
                0x0000000004735fdc                OSMemFreeList
                0x0000000004735fe0                OSTCBHighRdy
                0x0000000004735fe4                OSQFreeList
                0x0000000004735fe8                OSRdyGrp
                0x0000000004735fe9                OSRdyTbl
                0x0000000004735fec                OSEventFreeList
                0x0000000004735ff0                OSIntNesting
                0x0000000004735ff4                OSTCBCur
                0x0000000004735ff8                OSTime
                0x0000000004735ffc                OSFlagFreeList
                0x0000000004736000                OSStatRdy
                0x0000000004736004                OSIdleCtrRun
 *(.sbss2 .sbss2.* .gnu.linkonce.sb2.*)
 *(.scommon)
                0x0000000004736008                PROVIDE (__sbss_end, ABSOLUTE (.))
                0x0000000004736008                PROVIDE (___sbss_end, ABSOLUTE (.))
 *(.dynbss)
 *(.bss .bss.* .gnu.linkonce.b.*)
 .bss           0x0000000004736008        0x0 ../lab5_bsp//obj/HAL/src/crt0.o
 .bss           0x0000000004736008        0x0 obj/default/drivers/drivers.o
 .bss           0x0000000004736008        0x0 obj/default/fonts/tahomabold_20.o
 .bss           0x0000000004736008        0x0 obj/default/fonts/tahomabold_32.o
 .bss           0x0000000004736008        0x0 obj/default/frame.o
 .bss           0x0000000004736008        0x0 obj/default/graphic_lib/draw_gimps.o
 .bss           0x0000000004736008        0x0 obj/default/graphic_lib/gimp_bmp.o
 .bss           0x0000000004736008        0x0 obj/default/graphic_lib/simple_graphics.o
 .bss           0x0000000004736008        0x0 obj/default/graphic_lib/simple_text.o
 .bss           0x0000000004736008        0x0 obj/default/hello_ucosii.o
 .bss           0x0000000004736008        0x0 obj/default/imagenes/back_down.o
 .bss           0x0000000004736008        0x0 obj/default/imagenes/back_up.o
 .bss           0x0000000004736008        0x0 obj/default/imagenes/ford_down.o
 .bss           0x0000000004736008        0x0 obj/default/imagenes/ford_up.o
 .bss           0x0000000004736008        0x0 obj/default/imagenes/pause_down.o
 .bss           0x0000000004736008        0x0 obj/default/imagenes/pause_up.o
 .bss           0x0000000004736008        0x0 obj/default/imagenes/play_down.o
 .bss           0x0000000004736008        0x0 obj/default/imagenes/play_up.o
 .bss           0x0000000004736008        0x0 obj/default/imagenes/stop_down.o
 .bss           0x0000000004736008        0x0 obj/default/imagenes/stop_up.o
 .bss           0x0000000004736008        0x0 obj/default/song/song.o
 .bss           0x0000000004736008        0x0 obj/default/student_code/student_code.o
 .bss           0x0000000004736008        0x0 obj/default/vip_fr.o
 .bss           0x0000000004736008        0x0 c:/altera/14.1/nios2eds/bin/gnu/h-x86_64-mingw32/bin/../lib/gcc/nios2-elf/4.8.3\libgcc.a(lib2-divmod.o)
 .bss           0x0000000004736008        0x0 c:/altera/14.1/nios2eds/bin/gnu/h-x86_64-mingw32/bin/../lib/gcc/nios2-elf/4.8.3\libgcc.a(fixsfsi.o)
 .bss           0x0000000004736008        0x0 c:/altera/14.1/nios2eds/bin/gnu/h-x86_64-mingw32/bin/../lib/gcc/nios2-elf/4.8.3/../../../../../H-x86_64-mingw32/nios2-elf/lib\libc.a(lib_a-malloc.o)
 .bss           0x0000000004736008       0x28 c:/altera/14.1/nios2eds/bin/gnu/h-x86_64-mingw32/bin/../lib/gcc/nios2-elf/4.8.3/../../../../../H-x86_64-mingw32/nios2-elf/lib\libc.a(lib_a-mallocr.o)
                0x0000000004736008                __malloc_current_mallinfo
 .bss           0x0000000004736030        0x0 c:/altera/14.1/nios2eds/bin/gnu/h-x86_64-mingw32/bin/../lib/gcc/nios2-elf/4.8.3/../../../../../H-x86_64-mingw32/nios2-elf/lib\libc.a(lib_a-memcpy.o)
 .bss           0x0000000004736030        0x0 c:/altera/14.1/nios2eds/bin/gnu/h-x86_64-mingw32/bin/../lib/gcc/nios2-elf/4.8.3/../../../../../H-x86_64-mingw32/nios2-elf/lib\libc.a(lib_a-memset.o)
 .bss           0x0000000004736030        0x0 c:/altera/14.1/nios2eds/bin/gnu/h-x86_64-mingw32/bin/../lib/gcc/nios2-elf/4.8.3/../../../../../H-x86_64-mingw32/nios2-elf/lib\libc.a(lib_a-printf.o)
 .bss           0x0000000004736030        0x0 c:/altera/14.1/nios2eds/bin/gnu/h-x86_64-mingw32/bin/../lib/gcc/nios2-elf/4.8.3/../../../../../H-x86_64-mingw32/nios2-elf/lib\libc.a(lib_a-sbrkr.o)
 .bss           0x0000000004736030        0x0 c:/altera/14.1/nios2eds/bin/gnu/h-x86_64-mingw32/bin/../lib/gcc/nios2-elf/4.8.3/../../../../../H-x86_64-mingw32/nios2-elf/lib\libc.a(lib_a-strcpy.o)
 .bss           0x0000000004736030        0x0 c:/altera/14.1/nios2eds/bin/gnu/h-x86_64-mingw32/bin/../lib/gcc/nios2-elf/4.8.3/../../../../../H-x86_64-mingw32/nios2-elf/lib\libc.a(lib_a-strlen.o)
 .bss           0x0000000004736030        0x0 c:/altera/14.1/nios2eds/bin/gnu/h-x86_64-mingw32/bin/../lib/gcc/nios2-elf/4.8.3/../../../../../H-x86_64-mingw32/nios2-elf/lib\libc.a(lib_a-vfprintf.o)
 .bss           0x0000000004736030        0x0 c:/altera/14.1/nios2eds/bin/gnu/h-x86_64-mingw32/bin/../lib/gcc/nios2-elf/4.8.3/../../../../../H-x86_64-mingw32/nios2-elf/lib\libc.a(lib_a-wsetup.o)
 .bss           0x0000000004736030        0x0 c:/altera/14.1/nios2eds/bin/gnu/h-x86_64-mingw32/bin/../lib/gcc/nios2-elf/4.8.3/../../../../../H-x86_64-mingw32/nios2-elf/lib\libc.a(lib_a-dtoa.o)
 .bss           0x0000000004736030        0x0 c:/altera/14.1/nios2eds/bin/gnu/h-x86_64-mingw32/bin/../lib/gcc/nios2-elf/4.8.3/../../../../../H-x86_64-mingw32/nios2-elf/lib\libc.a(lib_a-fflush.o)
 .bss           0x0000000004736030        0x0 c:/altera/14.1/nios2eds/bin/gnu/h-x86_64-mingw32/bin/../lib/gcc/nios2-elf/4.8.3/../../../../../H-x86_64-mingw32/nios2-elf/lib\libc.a(lib_a-findfp.o)
 .bss           0x0000000004736030        0x0 c:/altera/14.1/nios2eds/bin/gnu/h-x86_64-mingw32/bin/../lib/gcc/nios2-elf/4.8.3/../../../../../H-x86_64-mingw32/nios2-elf/lib\libc.a(lib_a-freer.o)
 .bss           0x0000000004736030        0x0 c:/altera/14.1/nios2eds/bin/gnu/h-x86_64-mingw32/bin/../lib/gcc/nios2-elf/4.8.3/../../../../../H-x86_64-mingw32/nios2-elf/lib\libc.a(lib_a-fwalk.o)
 .bss           0x0000000004736030        0x0 c:/altera/14.1/nios2eds/bin/gnu/h-x86_64-mingw32/bin/../lib/gcc/nios2-elf/4.8.3/../../../../../H-x86_64-mingw32/nios2-elf/lib\libc.a(lib_a-impure.o)
 .bss           0x0000000004736030        0x0 c:/altera/14.1/nios2eds/bin/gnu/h-x86_64-mingw32/bin/../lib/gcc/nios2-elf/4.8.3/../../../../../H-x86_64-mingw32/nios2-elf/lib\libc.a(lib_a-int_errno.o)
 .bss           0x0000000004736030        0x0 c:/altera/14.1/nios2eds/bin/gnu/h-x86_64-mingw32/bin/../lib/gcc/nios2-elf/4.8.3/../../../../../H-x86_64-mingw32/nios2-elf/lib\libc.a(lib_a-locale.o)
 .bss           0x0000000004736030        0x0 c:/altera/14.1/nios2eds/bin/gnu/h-x86_64-mingw32/bin/../lib/gcc/nios2-elf/4.8.3/../../../../../H-x86_64-mingw32/nios2-elf/lib\libc.a(lib_a-makebuf.o)
 .bss           0x0000000004736030        0x0 c:/altera/14.1/nios2eds/bin/gnu/h-x86_64-mingw32/bin/../lib/gcc/nios2-elf/4.8.3/../../../../../H-x86_64-mingw32/nios2-elf/lib\libc.a(lib_a-memchr.o)
 .bss           0x0000000004736030        0x0 c:/altera/14.1/nios2eds/bin/gnu/h-x86_64-mingw32/bin/../lib/gcc/nios2-elf/4.8.3/../../../../../H-x86_64-mingw32/nios2-elf/lib\libc.a(lib_a-mprec.o)
 .bss           0x0000000004736030        0x0 c:/altera/14.1/nios2eds/bin/gnu/h-x86_64-mingw32/bin/../lib/gcc/nios2-elf/4.8.3/../../../../../H-x86_64-mingw32/nios2-elf/lib\libc.a(lib_a-s_fpclassify.o)
 .bss           0x0000000004736030        0x0 c:/altera/14.1/nios2eds/bin/gnu/h-x86_64-mingw32/bin/../lib/gcc/nios2-elf/4.8.3/../../../../../H-x86_64-mingw32/nios2-elf/lib\libc.a(lib_a-stdio.o)
 .bss           0x0000000004736030        0x0 c:/altera/14.1/nios2eds/bin/gnu/h-x86_64-mingw32/bin/../lib/gcc/nios2-elf/4.8.3/../../../../../H-x86_64-mingw32/nios2-elf/lib\libc.a(lib_a-strcmp.o)
 .bss           0x0000000004736030        0x0 c:/altera/14.1/nios2eds/bin/gnu/h-x86_64-mingw32/bin/../lib/gcc/nios2-elf/4.8.3/../../../../../H-x86_64-mingw32/nios2-elf/lib\libc.a(lib_a-vfiprintf.o)
 .bss           0x0000000004736030        0x0 c:/altera/14.1/nios2eds/bin/gnu/h-x86_64-mingw32/bin/../lib/gcc/nios2-elf/4.8.3/../../../../../H-x86_64-mingw32/nios2-elf/lib\libc.a(lib_a-writer.o)
 .bss           0x0000000004736030        0x0 c:/altera/14.1/nios2eds/bin/gnu/h-x86_64-mingw32/bin/../lib/gcc/nios2-elf/4.8.3/../../../../../H-x86_64-mingw32/nios2-elf/lib\libc.a(closer.o)
 .bss           0x0000000004736030        0x0 c:/altera/14.1/nios2eds/bin/gnu/h-x86_64-mingw32/bin/../lib/gcc/nios2-elf/4.8.3/../../../../../H-x86_64-mingw32/nios2-elf/lib\libc.a(lib_a-callocr.o)
 .bss           0x0000000004736030        0x0 c:/altera/14.1/nios2eds/bin/gnu/h-x86_64-mingw32/bin/../lib/gcc/nios2-elf/4.8.3/../../../../../H-x86_64-mingw32/nios2-elf/lib\libc.a(lib_a-fclose.o)
 .bss           0x0000000004736030        0x0 c:/altera/14.1/nios2eds/bin/gnu/h-x86_64-mingw32/bin/../lib/gcc/nios2-elf/4.8.3/../../../../../H-x86_64-mingw32/nios2-elf/lib\libc.a(lib_a-fputwc.o)
 .bss           0x0000000004736030        0x0 c:/altera/14.1/nios2eds/bin/gnu/h-x86_64-mingw32/bin/../lib/gcc/nios2-elf/4.8.3/../../../../../H-x86_64-mingw32/nios2-elf/lib\libc.a(lib_a-fstatr.o)
 .bss           0x0000000004736030        0x0 c:/altera/14.1/nios2eds/bin/gnu/h-x86_64-mingw32/bin/../lib/gcc/nios2-elf/4.8.3/../../../../../H-x86_64-mingw32/nios2-elf/lib\libc.a(lib_a-fvwrite.o)
 .bss           0x0000000004736030        0x0 c:/altera/14.1/nios2eds/bin/gnu/h-x86_64-mingw32/bin/../lib/gcc/nios2-elf/4.8.3/../../../../../H-x86_64-mingw32/nios2-elf/lib\libc.a(lib_a-isattyr.o)
 .bss           0x0000000004736030        0x0 c:/altera/14.1/nios2eds/bin/gnu/h-x86_64-mingw32/bin/../lib/gcc/nios2-elf/4.8.3/../../../../../H-x86_64-mingw32/nios2-elf/lib\libc.a(lib_a-lseekr.o)
 .bss           0x0000000004736030        0x0 c:/altera/14.1/nios2eds/bin/gnu/h-x86_64-mingw32/bin/../lib/gcc/nios2-elf/4.8.3/../../../../../H-x86_64-mingw32/nios2-elf/lib\libc.a(lib_a-memmove.o)
 .bss           0x0000000004736030        0x0 c:/altera/14.1/nios2eds/bin/gnu/h-x86_64-mingw32/bin/../lib/gcc/nios2-elf/4.8.3/../../../../../H-x86_64-mingw32/nios2-elf/lib\libc.a(lib_a-readr.o)
 .bss           0x0000000004736030        0x0 c:/altera/14.1/nios2eds/bin/gnu/h-x86_64-mingw32/bin/../lib/gcc/nios2-elf/4.8.3/../../../../../H-x86_64-mingw32/nios2-elf/lib\libc.a(lib_a-reallocr.o)
 .bss           0x0000000004736030        0x0 c:/altera/14.1/nios2eds/bin/gnu/h-x86_64-mingw32/bin/../lib/gcc/nios2-elf/4.8.3/../../../../../H-x86_64-mingw32/nios2-elf/lib\libc.a(lib_a-wbuf.o)
 .bss           0x0000000004736030        0x0 c:/altera/14.1/nios2eds/bin/gnu/h-x86_64-mingw32/bin/../lib/gcc/nios2-elf/4.8.3/../../../../../H-x86_64-mingw32/nios2-elf/lib\libc.a(lib_a-wcrtomb.o)
 .bss           0x0000000004736030        0x0 c:/altera/14.1/nios2eds/bin/gnu/h-x86_64-mingw32/bin/../lib/gcc/nios2-elf/4.8.3/../../../../../H-x86_64-mingw32/nios2-elf/lib\libc.a(lib_a-wctomb_r.o)
 .bss           0x0000000004736030        0x0 c:/altera/14.1/nios2eds/bin/gnu/h-x86_64-mingw32/bin/../lib/gcc/nios2-elf/4.8.3\libgcc.a(_udivdi3.o)
 .bss           0x0000000004736030        0x0 c:/altera/14.1/nios2eds/bin/gnu/h-x86_64-mingw32/bin/../lib/gcc/nios2-elf/4.8.3\libgcc.a(_umoddi3.o)
 .bss           0x0000000004736030        0x0 c:/altera/14.1/nios2eds/bin/gnu/h-x86_64-mingw32/bin/../lib/gcc/nios2-elf/4.8.3\libgcc.a(adddf3.o)
 .bss           0x0000000004736030        0x0 c:/altera/14.1/nios2eds/bin/gnu/h-x86_64-mingw32/bin/../lib/gcc/nios2-elf/4.8.3\libgcc.a(divdf3.o)